0 verbose cli /opt/homebrew/Cellar/node/25.8.2/bin/node /opt/homebrew/bin/npm
1 info using npm@11.11.1
2 info using node@v25.8.2
3 silly config load:file:/opt/homebrew/lib/node_modules/npm/npmrc
4 silly config load:file:/Users/marcotiongson/Documents/openclaw-habitat/openclaw-habitat/.npmrc
5 silly config load:file:/Users/marcotiongson/.npmrc
6 silly config load:file:/opt/homebrew/etc/npmrc
7 verbose title npm install
8 verbose argv "install" "--cache" "./.npm-cache"
9 verbose logfile logs-max:10 dir:/Users/marcotiongson/Documents/openclaw-habitat/openclaw-habitat/.npm-cache/_logs/2026-04-19T16_03_32_142Z-
10 verbose logfile /Users/marcotiongson/Documents/openclaw-habitat/openclaw-habitat/.npm-cache/_logs/2026-04-19T16_03_32_142Z-debug-0.log
11 silly logfile done cleaning log files
12 silly packumentCache heap:2348810240 maxSize:587202560 maxEntrySize:293601280
13 silly idealTree buildDeps
14 silly placeDep ROOT @habitat/server@1.0.0 OK for: openclaw-habitat@1.0.0 want: file:/Users/marcotiongson/Documents/openclaw-habitat/openclaw-habitat/packages/server
15 silly fetch manifest express@^4.18.2
16 silly packumentCache full:https://registry.npmjs.org/express cache-miss
17 http fetch GET 200 https://registry.npmjs.org/express 280ms (cache miss)
18 silly packumentCache full:https://registry.npmjs.org/express set size:undefined disposed:false
19 silly fetch manifest ws@^8.16.0
20 silly packumentCache full:https://registry.npmjs.org/ws cache-miss
21 http fetch GET 200 https://registry.npmjs.org/ws 87ms (cache miss)
22 silly packumentCache full:https://registry.npmjs.org/ws set size:undefined disposed:false
23 silly fetch manifest bufferutil@^4.0.1
24 silly packumentCache full:https://registry.npmjs.org/bufferutil cache-miss
25 http fetch GET 200 https://registry.npmjs.org/bufferutil 97ms (cache miss)
26 silly packumentCache full:https://registry.npmjs.org/bufferutil set size:undefined disposed:false
27 silly fetch manifest utf-8-validate@>=5.0.2
28 silly packumentCache full:https://registry.npmjs.org/utf-8-validate cache-miss
29 http fetch GET 200 https://registry.npmjs.org/utf-8-validate 101ms (cache miss)
30 silly packumentCache full:https://registry.npmjs.org/utf-8-validate set size:undefined disposed:false
31 silly fetch manifest uuid@^9.0.0
32 silly packumentCache full:https://registry.npmjs.org/uuid cache-miss
33 http fetch GET 200 https://registry.npmjs.org/uuid 105ms (cache miss)
34 silly packumentCache full:https://registry.npmjs.org/uuid set size:undefined disposed:false
35 silly fetch manifest @types/express@^4.17.21
36 silly packumentCache full:https://registry.npmjs.org/@types%2fexpress cache-miss
37 http fetch GET 200 https://registry.npmjs.org/@types%2fexpress 137ms (cache miss)
38 silly packumentCache full:https://registry.npmjs.org/@types%2fexpress set size:undefined disposed:false
39 silly fetch manifest @types/ws@^8.5.10
40 silly packumentCache full:https://registry.npmjs.org/@types%2fws cache-miss
41 http fetch GET 200 https://registry.npmjs.org/@types%2fws 89ms (cache miss)
42 silly packumentCache full:https://registry.npmjs.org/@types%2fws set size:undefined disposed:false
43 silly fetch manifest @types/uuid@^9.0.7
44 silly packumentCache full:https://registry.npmjs.org/@types%2fuuid cache-miss
45 http fetch GET 200 https://registry.npmjs.org/@types%2fuuid 92ms (cache miss)
46 silly packumentCache full:https://registry.npmjs.org/@types%2fuuid set size:undefined disposed:false
47 silly fetch manifest tsx@^4.7.0
48 silly packumentCache full:https://registry.npmjs.org/tsx cache-miss
49 http fetch GET 200 https://registry.npmjs.org/tsx 87ms (cache miss)
50 silly packumentCache full:https://registry.npmjs.org/tsx set size:undefined disposed:false
51 silly placeDep ROOT @types/express@4.17.25 OK for: @habitat/server@1.0.0 want: ^4.17.21
52 silly placeDep ROOT @types/uuid@9.0.8 OK for: @habitat/server@1.0.0 want: ^9.0.7
53 silly placeDep ROOT @types/ws@8.18.1 OK for: @habitat/server@1.0.0 want: ^8.5.10
54 silly placeDep ROOT express@4.22.1 OK for: @habitat/server@1.0.0 want: ^4.18.2
55 silly placeDep ROOT tsx@4.21.0 OK for: @habitat/server@1.0.0 want: ^4.7.0
56 silly placeDep ROOT uuid@9.0.1 OK for: @habitat/server@1.0.0 want: ^9.0.0
57 silly placeDep ROOT ws@8.20.0 OK for: @habitat/server@1.0.0 want: ^8.16.0
58 silly fetch manifest @types/qs@*
59 silly packumentCache full:https://registry.npmjs.org/@types%2fqs cache-miss
60 silly fetch manifest @types/body-parser@*
61 silly packumentCache full:https://registry.npmjs.org/@types%2fbody-parser cache-miss
62 silly fetch manifest @types/serve-static@^1
63 silly packumentCache full:https://registry.npmjs.org/@types%2fserve-static cache-miss
64 silly fetch manifest @types/express-serve-static-core@^4.17.33
65 silly packumentCache full:https://registry.npmjs.org/@types%2fexpress-serve-static-core cache-miss
66 silly fetch manifest @types/node@*
67 silly packumentCache full:https://registry.npmjs.org/@types%2fnode cache-miss
68 silly fetch manifest qs@~6.14.0
69 silly packumentCache full:https://registry.npmjs.org/qs cache-miss
70 silly fetch manifest depd@2.0.0
71 silly packumentCache full:https://registry.npmjs.org/depd cache-miss
72 http fetch GET 200 https://registry.npmjs.org/@types%2fqs 100ms (cache miss)
73 silly packumentCache full:https://registry.npmjs.org/@types%2fqs set size:undefined disposed:false
74 silly fetch manifest etag@~1.8.1
75 silly packumentCache full:https://registry.npmjs.org/etag cache-miss
76 http fetch GET 200 https://registry.npmjs.org/etag 73ms (cache miss)
77 silly packumentCache full:https://registry.npmjs.org/etag set size:undefined disposed:false
78 silly fetch manifest send@~0.19.0
79 silly packumentCache full:https://registry.npmjs.org/send cache-miss
80 http fetch GET 200 https://registry.npmjs.org/depd 199ms (cache miss)
81 silly packumentCache full:https://registry.npmjs.org/depd set size:undefined disposed:false
82 silly fetch manifest vary@~1.1.2
83 silly packumentCache full:https://registry.npmjs.org/vary cache-miss
84 http fetch GET 200 https://registry.npmjs.org/@types%2fexpress-serve-static-core 227ms (cache miss)
85 silly packumentCache full:https://registry.npmjs.org/@types%2fexpress-serve-static-core set size:undefined disposed:false
86 silly fetch manifest debug@2.6.9
87 silly packumentCache full:https://registry.npmjs.org/debug cache-miss
88 http fetch GET 200 https://registry.npmjs.org/@types%2fbody-parser 232ms (cache miss)
89 silly packumentCache full:https://registry.npmjs.org/@types%2fbody-parser set size:undefined disposed:false
90 silly fetch manifest fresh@~0.5.2
91 silly packumentCache full:https://registry.npmjs.org/fresh cache-miss
92 http fetch GET 200 https://registry.npmjs.org/qs 247ms (cache miss)
93 silly packumentCache full:https://registry.npmjs.org/qs set size:undefined disposed:false
94 silly fetch manifest cookie@~0.7.1
95 silly packumentCache full:https://registry.npmjs.org/cookie cache-miss
96 http fetch GET 200 https://registry.npmjs.org/send 79ms (cache miss)
97 silly packumentCache full:https://registry.npmjs.org/send set size:undefined disposed:false
98 silly fetch manifest accepts@~1.3.8
99 silly packumentCache full:https://registry.npmjs.org/accepts cache-miss
100 http fetch GET 200 https://registry.npmjs.org/@types%2fserve-static 259ms (cache miss)
101 silly packumentCache full:https://registry.npmjs.org/@types%2fserve-static set size:undefined disposed:false
102 silly fetch manifest methods@~1.1.2
103 silly packumentCache full:https://registry.npmjs.org/methods cache-miss
104 http fetch GET 200 https://registry.npmjs.org/vary 73ms (cache miss)
105 silly packumentCache full:https://registry.npmjs.org/vary set size:undefined disposed:false
106 silly fetch manifest type-is@~1.6.18
107 silly packumentCache full:https://registry.npmjs.org/type-is cache-miss
108 http fetch GET 200 https://registry.npmjs.org/debug 83ms (cache miss)
109 silly packumentCache full:https://registry.npmjs.org/debug set size:undefined disposed:false
110 silly fetch manifest parseurl@~1.3.3
111 silly packumentCache full:https://registry.npmjs.org/parseurl cache-miss
112 http fetch GET 200 https://registry.npmjs.org/cookie 69ms (cache miss)
113 silly packumentCache full:https://registry.npmjs.org/cookie set size:undefined disposed:false
114 silly fetch manifest statuses@~2.0.1
115 silly packumentCache full:https://registry.npmjs.org/statuses cache-miss
116 http fetch GET 200 https://registry.npmjs.org/fresh 91ms (cache miss)
117 silly packumentCache full:https://registry.npmjs.org/fresh set size:undefined disposed:false
118 silly fetch manifest encodeurl@~2.0.0
119 silly packumentCache full:https://registry.npmjs.org/encodeurl cache-miss
120 http fetch GET 200 https://registry.npmjs.org/accepts 79ms (cache miss)
121 silly packumentCache full:https://registry.npmjs.org/accepts set size:undefined disposed:false
122 silly fetch manifest proxy-addr@~2.0.7
123 silly packumentCache full:https://registry.npmjs.org/proxy-addr cache-miss
124 http fetch GET 200 https://registry.npmjs.org/methods 83ms (cache miss)
125 silly packumentCache full:https://registry.npmjs.org/methods set size:undefined disposed:false
126 silly fetch manifest body-parser@~1.20.3
127 silly packumentCache full:https://registry.npmjs.org/body-parser cache-miss
128 http fetch GET 200 https://registry.npmjs.org/type-is 79ms (cache miss)
129 silly packumentCache full:https://registry.npmjs.org/type-is set size:undefined disposed:false
130 silly fetch manifest escape-html@~1.0.3
131 silly packumentCache full:https://registry.npmjs.org/escape-html cache-miss
132 http fetch GET 200 https://registry.npmjs.org/parseurl 74ms (cache miss)
133 silly packumentCache full:https://registry.npmjs.org/parseurl set size:undefined disposed:false
134 silly fetch manifest http-errors@~2.0.0
135 silly packumentCache full:https://registry.npmjs.org/http-errors cache-miss
136 http fetch GET 200 https://registry.npmjs.org/statuses 69ms (cache miss)
137 silly packumentCache full:https://registry.npmjs.org/statuses set size:undefined disposed:false
138 silly fetch manifest on-finished@~2.4.1
139 silly packumentCache full:https://registry.npmjs.org/on-finished cache-miss
140 http fetch GET 200 https://registry.npmjs.org/encodeurl 66ms (cache miss)
141 silly packumentCache full:https://registry.npmjs.org/encodeurl set size:undefined disposed:false
142 silly fetch manifest safe-buffer@5.2.1
143 silly packumentCache full:https://registry.npmjs.org/safe-buffer cache-miss
144 http fetch GET 200 https://registry.npmjs.org/escape-html 54ms (cache miss)
145 silly packumentCache full:https://registry.npmjs.org/escape-html set size:undefined disposed:false
146 silly fetch manifest utils-merge@1.0.1
147 silly packumentCache full:https://registry.npmjs.org/utils-merge cache-miss
148 http fetch GET 200 https://registry.npmjs.org/proxy-addr 86ms (cache miss)
149 silly packumentCache full:https://registry.npmjs.org/proxy-addr set size:undefined disposed:false
150 silly fetch manifest content-type@~1.0.4
151 silly packumentCache full:https://registry.npmjs.org/content-type cache-miss
152 http fetch GET 200 https://registry.npmjs.org/body-parser 83ms (cache miss)
153 silly packumentCache full:https://registry.npmjs.org/body-parser set size:undefined disposed:false
154 silly fetch manifest finalhandler@~1.3.1
155 silly packumentCache full:https://registry.npmjs.org/finalhandler cache-miss
156 http fetch GET 200 https://registry.npmjs.org/@types%2fnode 438ms (cache miss)
157 silly packumentCache full:https://registry.npmjs.org/@types%2fnode set size:undefined disposed:false
158 silly fetch manifest range-parser@~1.2.1
159 silly packumentCache full:https://registry.npmjs.org/range-parser cache-miss
160 http fetch GET 200 https://registry.npmjs.org/utils-merge 89ms (cache miss)
161 silly packumentCache full:https://registry.npmjs.org/utils-merge set size:undefined disposed:false
162 silly fetch manifest serve-static@~1.16.2
163 silly packumentCache full:https://registry.npmjs.org/serve-static cache-miss
164 http fetch GET 200 https://registry.npmjs.org/http-errors 110ms (cache miss)
165 silly packumentCache full:https://registry.npmjs.org/http-errors set size:undefined disposed:false
166 silly fetch manifest array-flatten@1.1.1
167 silly packumentCache full:https://registry.npmjs.org/array-flatten cache-miss
168 http fetch GET 200 https://registry.npmjs.org/content-type 75ms (cache miss)
169 silly packumentCache full:https://registry.npmjs.org/content-type set size:undefined disposed:false
170 silly fetch manifest path-to-regexp@~0.1.12
171 silly packumentCache full:https://registry.npmjs.org/path-to-regexp cache-miss
172 http fetch GET 200 https://registry.npmjs.org/on-finished 110ms (cache miss)
173 silly packumentCache full:https://registry.npmjs.org/on-finished set size:undefined disposed:false
174 silly fetch manifest setprototypeof@1.2.0
175 silly packumentCache full:https://registry.npmjs.org/setprototypeof cache-miss
176 http fetch GET 200 https://registry.npmjs.org/safe-buffer 107ms (cache miss)
177 silly packumentCache full:https://registry.npmjs.org/safe-buffer set size:undefined disposed:false
178 silly fetch manifest cookie-signature@~1.0.6
179 silly packumentCache full:https://registry.npmjs.org/cookie-signature cache-miss
180 http fetch GET 200 https://registry.npmjs.org/finalhandler 74ms (cache miss)
181 silly packumentCache full:https://registry.npmjs.org/finalhandler set size:undefined disposed:false
182 silly fetch manifest merge-descriptors@1.0.3
183 silly packumentCache full:https://registry.npmjs.org/merge-descriptors cache-miss
184 http fetch GET 200 https://registry.npmjs.org/path-to-regexp 81ms (cache miss)
185 silly packumentCache full:https://registry.npmjs.org/path-to-regexp set size:undefined disposed:false
186 silly fetch manifest content-disposition@~0.5.4
187 silly packumentCache full:https://registry.npmjs.org/content-disposition cache-miss
188 http fetch GET 200 https://registry.npmjs.org/array-flatten 84ms (cache miss)
189 silly packumentCache full:https://registry.npmjs.org/array-flatten set size:undefined disposed:false
190 silly fetch manifest esbuild@~0.27.0
191 silly packumentCache full:https://registry.npmjs.org/esbuild cache-miss
192 http fetch GET 200 https://registry.npmjs.org/cookie-signature 83ms (cache miss)
193 silly packumentCache full:https://registry.npmjs.org/cookie-signature set size:undefined disposed:false
194 silly fetch manifest get-tsconfig@^4.7.5
195 silly packumentCache full:https://registry.npmjs.org/get-tsconfig cache-miss
196 http fetch GET 200 https://registry.npmjs.org/merge-descriptors 81ms (cache miss)
197 silly packumentCache full:https://registry.npmjs.org/merge-descriptors set size:undefined disposed:false
198 silly fetch manifest fsevents@~2.3.3
199 silly packumentCache full:https://registry.npmjs.org/fsevents cache-miss
200 http fetch GET 200 https://registry.npmjs.org/range-parser 97ms (cache miss)
201 silly packumentCache full:https://registry.npmjs.org/range-parser set size:undefined disposed:false
202 http fetch GET 200 https://registry.npmjs.org/setprototypeof 87ms (cache miss)
203 silly packumentCache full:https://registry.npmjs.org/setprototypeof set size:undefined disposed:false
204 http fetch GET 200 https://registry.npmjs.org/serve-static 90ms (cache miss)
205 silly packumentCache full:https://registry.npmjs.org/serve-static set size:undefined disposed:false
206 http fetch GET 200 https://registry.npmjs.org/content-disposition 75ms (cache miss)
207 silly packumentCache full:https://registry.npmjs.org/content-disposition set size:undefined disposed:false
208 http fetch GET 200 https://registry.npmjs.org/get-tsconfig 87ms (cache miss)
209 silly packumentCache full:https://registry.npmjs.org/get-tsconfig set size:undefined disposed:false
210 http fetch GET 200 https://registry.npmjs.org/fsevents 88ms (cache miss)
211 silly packumentCache full:https://registry.npmjs.org/fsevents set size:undefined disposed:false
212 http fetch GET 200 https://registry.npmjs.org/esbuild 171ms (cache miss)
213 silly packumentCache full:https://registry.npmjs.org/esbuild set size:undefined disposed:false
214 silly placeDep ROOT @types/body-parser@1.19.6 OK for: @types/express@4.17.25 want: *
215 silly placeDep ROOT @types/express-serve-static-core@4.19.8 OK for: @types/express@4.17.25 want: ^4.17.33
216 silly placeDep ROOT @types/qs@6.15.0 OK for: @types/express@4.17.25 want: *
217 silly placeDep ROOT @types/serve-static@1.15.10 OK for: @types/express@4.17.25 want: ^1
218 silly fetch manifest @types/connect@*
219 silly packumentCache full:https://registry.npmjs.org/@types%2fconnect cache-miss
220 silly fetch manifest @types/send@*
221 silly packumentCache full:https://registry.npmjs.org/@types%2fsend cache-miss
222 silly fetch manifest @types/range-parser@*
223 silly packumentCache full:https://registry.npmjs.org/@types%2frange-parser cache-miss
224 silly fetch manifest @types/send@<1
225 silly packumentCache full:https://registry.npmjs.org/@types%2fsend cache-miss
226 silly fetch manifest @types/http-errors@*
227 silly packumentCache full:https://registry.npmjs.org/@types%2fhttp-errors cache-miss
228 http fetch GET 200 https://registry.npmjs.org/@types%2fsend 74ms (cache miss)
229 silly packumentCache full:https://registry.npmjs.org/@types%2fsend set size:undefined disposed:false
230 http fetch GET 200 https://registry.npmjs.org/@types%2fsend 79ms (cache miss)
231 silly packumentCache full:https://registry.npmjs.org/@types%2fsend set size:undefined disposed:false
232 http fetch GET 200 https://registry.npmjs.org/@types%2fconnect 84ms (cache miss)
233 silly packumentCache full:https://registry.npmjs.org/@types%2fconnect set size:undefined disposed:false
234 http fetch GET 200 https://registry.npmjs.org/@types%2fhttp-errors 84ms (cache miss)
235 silly packumentCache full:https://registry.npmjs.org/@types%2fhttp-errors set size:undefined disposed:false
236 http fetch GET 200 https://registry.npmjs.org/@types%2frange-parser 115ms (cache miss)
237 silly packumentCache full:https://registry.npmjs.org/@types%2frange-parser set size:undefined disposed:false
238 silly placeDep ROOT @types/connect@3.4.38 OK for: @types/body-parser@1.19.6 want: *
239 silly placeDep ROOT @types/node@25.6.0 OK for: @types/body-parser@1.19.6 want: *
240 silly fetch manifest undici-types@~7.19.0
241 silly packumentCache full:https://registry.npmjs.org/undici-types cache-miss
242 http fetch GET 200 https://registry.npmjs.org/undici-types 104ms (cache miss)
243 silly packumentCache full:https://registry.npmjs.org/undici-types set size:undefined disposed:false
244 silly placeDep ROOT @types/range-parser@1.2.7 OK for: @types/express-serve-static-core@4.19.8 want: *
245 silly placeDep ROOT @types/send@1.2.1 OK for: @types/express-serve-static-core@4.19.8 want: *
246 silly placeDep ROOT undici-types@7.19.2 OK for: @types/node@25.6.0 want: ~7.19.0
247 silly placeDep ROOT @types/http-errors@2.0.5 OK for: @types/serve-static@1.15.10 want: *
248 silly placeDep node_modules/@types/serve-static @types/send@0.17.6 OK for: @types/serve-static@1.15.10 want: <1
249 silly fetch manifest @types/mime@^1
250 silly packumentCache full:https://registry.npmjs.org/@types%2fmime cache-miss
251 http fetch GET 200 https://registry.npmjs.org/@types%2fmime 78ms (cache miss)
252 silly packumentCache full:https://registry.npmjs.org/@types%2fmime set size:undefined disposed:false
253 silly placeDep ROOT accepts@1.3.8 OK for: express@4.22.1 want: ~1.3.8
254 silly placeDep ROOT array-flatten@1.1.1 OK for: express@4.22.1 want: 1.1.1
255 silly placeDep ROOT body-parser@1.20.4 OK for: express@4.22.1 want: ~1.20.3
256 silly placeDep ROOT content-disposition@0.5.4 OK for: express@4.22.1 want: ~0.5.4
257 silly placeDep ROOT content-type@1.0.5 OK for: express@4.22.1 want: ~1.0.4
258 silly placeDep ROOT cookie@0.7.2 OK for: express@4.22.1 want: ~0.7.1
259 silly placeDep ROOT cookie-signature@1.0.7 OK for: express@4.22.1 want: ~1.0.6
260 silly placeDep ROOT debug@2.6.9 OK for: express@4.22.1 want: 2.6.9
261 silly placeDep ROOT depd@2.0.0 OK for: express@4.22.1 want: 2.0.0
262 silly placeDep ROOT encodeurl@2.0.0 OK for: express@4.22.1 want: ~2.0.0
263 silly placeDep ROOT escape-html@1.0.3 OK for: express@4.22.1 want: ~1.0.3
264 silly placeDep ROOT etag@1.8.1 OK for: express@4.22.1 want: ~1.8.1
265 silly placeDep ROOT finalhandler@1.3.2 OK for: express@4.22.1 want: ~1.3.1
266 silly placeDep ROOT fresh@0.5.2 OK for: express@4.22.1 want: ~0.5.2
267 silly placeDep ROOT http-errors@2.0.1 OK for: express@4.22.1 want: ~2.0.0
268 silly placeDep ROOT merge-descriptors@1.0.3 OK for: express@4.22.1 want: 1.0.3
269 silly placeDep ROOT methods@1.1.2 OK for: express@4.22.1 want: ~1.1.2
270 silly placeDep ROOT on-finished@2.4.1 OK for: express@4.22.1 want: ~2.4.1
271 silly placeDep ROOT parseurl@1.3.3 OK for: express@4.22.1 want: ~1.3.3
272 silly placeDep ROOT path-to-regexp@0.1.13 OK for: express@4.22.1 want: ~0.1.12
273 silly placeDep ROOT proxy-addr@2.0.7 OK for: express@4.22.1 want: ~2.0.7
274 silly placeDep ROOT qs@6.14.2 OK for: express@4.22.1 want: ~6.14.0
275 silly placeDep ROOT range-parser@1.2.1 OK for: express@4.22.1 want: ~1.2.1
276 silly placeDep ROOT safe-buffer@5.2.1 OK for: express@4.22.1 want: 5.2.1
277 silly placeDep ROOT send@0.19.2 OK for: express@4.22.1 want: ~0.19.0
278 silly placeDep ROOT serve-static@1.16.3 OK for: express@4.22.1 want: ~1.16.2
279 silly placeDep ROOT setprototypeof@1.2.0 OK for: express@4.22.1 want: 1.2.0
280 silly placeDep ROOT statuses@2.0.2 OK for: express@4.22.1 want: ~2.0.1
281 silly placeDep ROOT type-is@1.6.18 OK for: express@4.22.1 want: ~1.6.18
282 silly placeDep ROOT utils-merge@1.0.1 OK for: express@4.22.1 want: 1.0.1
283 silly placeDep ROOT vary@1.1.2 OK for: express@4.22.1 want: ~1.1.2
284 silly fetch manifest mime-types@~2.1.34
285 silly packumentCache full:https://registry.npmjs.org/mime-types cache-miss
286 silly fetch manifest negotiator@0.6.3
287 silly packumentCache full:https://registry.npmjs.org/negotiator cache-miss
288 silly fetch manifest bytes@~3.1.2
289 silly packumentCache full:https://registry.npmjs.org/bytes cache-miss
290 silly fetch manifest unpipe@~1.0.0
291 silly packumentCache full:https://registry.npmjs.org/unpipe cache-miss
292 silly fetch manifest destroy@~1.2.0
293 silly packumentCache full:https://registry.npmjs.org/destroy cache-miss
294 silly fetch manifest raw-body@~2.5.3
295 silly packumentCache full:https://registry.npmjs.org/raw-body cache-miss
296 silly fetch manifest iconv-lite@~0.4.24
297 silly packumentCache full:https://registry.npmjs.org/iconv-lite cache-miss
298 http fetch GET 200 https://registry.npmjs.org/iconv-lite 62ms (cache miss)
299 silly packumentCache full:https://registry.npmjs.org/iconv-lite set size:undefined disposed:false
300 silly fetch manifest http-errors@~2.0.1
301 silly packumentCache full:https://registry.npmjs.org/http-errors cache-miss
302 http cache https://registry.npmjs.org/http-errors 5ms (cache hit)
303 silly packumentCache full:https://registry.npmjs.org/http-errors set size:71987 disposed:false
304 silly fetch manifest content-type@~1.0.5
305 silly packumentCache full:https://registry.npmjs.org/content-type cache-miss
306 http fetch GET 200 https://registry.npmjs.org/mime-types 70ms (cache miss)
307 silly packumentCache full:https://registry.npmjs.org/mime-types set size:undefined disposed:false
308 silly fetch manifest ms@2.0.0
309 silly packumentCache full:https://registry.npmjs.org/ms cache-miss
310 http fetch GET 200 https://registry.npmjs.org/bytes 72ms (cache miss)
311 silly packumentCache full:https://registry.npmjs.org/bytes set size:undefined disposed:false
312 silly fetch manifest unpipe@~1.0.0
313 silly packumentCache full:https://registry.npmjs.org/unpipe cache-miss
314 http fetch GET 200 https://registry.npmjs.org/negotiator 74ms (cache miss)
315 silly packumentCache full:https://registry.npmjs.org/negotiator set size:undefined disposed:false
316 silly fetch manifest statuses@~2.0.2
317 silly packumentCache full:https://registry.npmjs.org/statuses cache-miss
318 http cache https://registry.npmjs.org/content-type 5ms (cache hit)
319 silly packumentCache full:https://registry.npmjs.org/content-type set size:17311 disposed:false
320 silly fetch manifest inherits@~2.0.4
321 silly packumentCache full:https://registry.npmjs.org/inherits cache-miss
322 http fetch GET 200 https://registry.npmjs.org/destroy 76ms (cache miss)
323 silly packumentCache full:https://registry.npmjs.org/destroy set size:undefined disposed:false
324 silly fetch manifest setprototypeof@~1.2.0
325 silly packumentCache full:https://registry.npmjs.org/setprototypeof cache-miss
326 http fetch GET 200 https://registry.npmjs.org/raw-body 76ms (cache miss)
327 silly packumentCache full:https://registry.npmjs.org/raw-body set size:undefined disposed:false
328 silly fetch manifest statuses@~2.0.2
329 silly packumentCache full:https://registry.npmjs.org/statuses cache-miss
330 http cache https://registry.npmjs.org/statuses 5ms (cache hit)
331 silly packumentCache full:https://registry.npmjs.org/statuses set size:37117 disposed:false
332 silly fetch manifest toidentifier@~1.0.1
333 silly packumentCache full:https://registry.npmjs.org/toidentifier cache-miss
334 http cache https://registry.npmjs.org/setprototypeof 3ms (cache hit)
335 silly packumentCache full:https://registry.npmjs.org/setprototypeof set size:14532 disposed:false
336 silly fetch manifest ee-first@1.1.1
337 silly packumentCache full:https://registry.npmjs.org/ee-first cache-miss
338 http cache https://registry.npmjs.org/statuses 3ms (cache hit)
339 silly packumentCache full:https://registry.npmjs.org/statuses set size:37117 disposed:false
340 silly packumentCache full:https://registry.npmjs.org/statuses dispose
341 silly fetch manifest forwarded@0.2.0
342 silly packumentCache full:https://registry.npmjs.org/forwarded cache-miss
343 http fetch GET 200 https://registry.npmjs.org/unpipe 91ms (cache miss)
344 silly packumentCache full:https://registry.npmjs.org/unpipe set size:undefined disposed:false
345 silly fetch manifest ipaddr.js@1.9.1
346 silly packumentCache full:https://registry.npmjs.org/ipaddr.js cache-miss
347 http fetch GET 200 https://registry.npmjs.org/unpipe 58ms (cache miss)
348 silly packumentCache full:https://registry.npmjs.org/unpipe set size:undefined disposed:false
349 silly fetch manifest side-channel@^1.1.0
350 silly packumentCache full:https://registry.npmjs.org/side-channel cache-miss
351 http fetch GET 200 https://registry.npmjs.org/ms 61ms (cache miss)
352 silly packumentCache full:https://registry.npmjs.org/ms set size:undefined disposed:false
353 silly fetch manifest ms@2.1.3
354 silly packumentCache full:https://registry.npmjs.org/ms cache-miss
355 http cache https://registry.npmjs.org/ms 2ms (cache hit)
356 silly packumentCache full:https://registry.npmjs.org/ms set size:92208 disposed:false
357 silly fetch manifest mime@1.6.0
358 silly packumentCache full:https://registry.npmjs.org/mime cache-miss
359 http fetch GET 200 https://registry.npmjs.org/inherits 63ms (cache miss)
360 silly packumentCache full:https://registry.npmjs.org/inherits set size:undefined disposed:false
361 silly fetch manifest destroy@1.2.0
362 silly packumentCache full:https://registry.npmjs.org/destroy cache-miss
363 http cache https://registry.npmjs.org/destroy 1ms (cache hit)
364 silly packumentCache full:https://registry.npmjs.org/destroy set size:15738 disposed:false
365 silly fetch manifest mime-types@~2.1.24
366 silly packumentCache full:https://registry.npmjs.org/mime-types cache-miss
367 http cache https://registry.npmjs.org/mime-types 1ms (cache hit)
368 silly packumentCache full:https://registry.npmjs.org/mime-types set size:139110 disposed:false
369 silly fetch manifest media-typer@0.3.0
370 silly packumentCache full:https://registry.npmjs.org/media-typer cache-miss
371 http fetch GET 200 https://registry.npmjs.org/forwarded 68ms (cache miss)
372 silly packumentCache full:https://registry.npmjs.org/forwarded set size:undefined disposed:false
373 http fetch GET 200 https://registry.npmjs.org/toidentifier 72ms (cache miss)
374 silly packumentCache full:https://registry.npmjs.org/toidentifier set size:undefined disposed:false
375 http fetch GET 200 https://registry.npmjs.org/ee-first 71ms (cache miss)
376 silly packumentCache full:https://registry.npmjs.org/ee-first set size:undefined disposed:false
377 http fetch GET 200 https://registry.npmjs.org/side-channel 67ms (cache miss)
378 silly packumentCache full:https://registry.npmjs.org/side-channel set size:undefined disposed:false
379 http fetch GET 200 https://registry.npmjs.org/media-typer 58ms (cache miss)
380 silly packumentCache full:https://registry.npmjs.org/media-typer set size:undefined disposed:false
381 http fetch GET 200 https://registry.npmjs.org/mime 80ms (cache miss)
382 silly packumentCache full:https://registry.npmjs.org/mime set size:undefined disposed:false
383 http fetch GET 200 https://registry.npmjs.org/ipaddr.js 125ms (cache miss)
384 silly packumentCache full:https://registry.npmjs.org/ipaddr.js set size:undefined disposed:false
385 silly placeDep ROOT mime-types@2.1.35 OK for: accepts@1.3.8 want: ~2.1.34
386 silly placeDep ROOT negotiator@0.6.3 OK for: accepts@1.3.8 want: 0.6.3
387 silly fetch manifest mime-db@1.52.0
388 silly packumentCache full:https://registry.npmjs.org/mime-db cache-miss
389 http fetch GET 200 https://registry.npmjs.org/mime-db 75ms (cache miss)
390 silly packumentCache full:https://registry.npmjs.org/mime-db set size:undefined disposed:false
391 silly placeDep ROOT bytes@3.1.2 OK for: body-parser@1.20.4 want: ~3.1.2
392 silly placeDep ROOT destroy@1.2.0 OK for: body-parser@1.20.4 want: ~1.2.0
393 silly placeDep ROOT iconv-lite@0.4.24 OK for: body-parser@1.20.4 want: ~0.4.24
394 silly placeDep ROOT raw-body@2.5.3 OK for: body-parser@1.20.4 want: ~2.5.3
395 silly placeDep ROOT unpipe@1.0.0 OK for: body-parser@1.20.4 want: ~1.0.0
396 silly fetch manifest safer-buffer@>= 2.1.2 < 3
397 silly packumentCache full:https://registry.npmjs.org/safer-buffer cache-miss
398 http fetch GET 200 https://registry.npmjs.org/safer-buffer 73ms (cache miss)
399 silly packumentCache full:https://registry.npmjs.org/safer-buffer set size:undefined disposed:false
400 silly placeDep ROOT ms@2.0.0 OK for: debug@2.6.9 want: 2.0.0
401 silly placeDep ROOT inherits@2.0.4 OK for: http-errors@2.0.1 want: ~2.0.4
402 silly placeDep ROOT toidentifier@1.0.1 OK for: http-errors@2.0.1 want: ~1.0.1
403 silly placeDep ROOT safer-buffer@2.1.2 OK for: iconv-lite@0.4.24 want: >= 2.1.2 < 3
404 silly placeDep ROOT mime-db@1.52.0 OK for: mime-types@2.1.35 want: 1.52.0
405 silly placeDep ROOT ee-first@1.1.1 OK for: on-finished@2.4.1 want: 1.1.1
406 silly placeDep ROOT forwarded@0.2.0 OK for: proxy-addr@2.0.7 want: 0.2.0
407 silly placeDep ROOT ipaddr.js@1.9.1 OK for: proxy-addr@2.0.7 want: 1.9.1
408 silly placeDep ROOT side-channel@1.1.0 OK for: qs@6.14.2 want: ^1.1.0
409 silly fetch manifest es-errors@^1.3.0
410 silly packumentCache full:https://registry.npmjs.org/es-errors cache-miss
411 silly fetch manifest object-inspect@^1.13.3
412 silly packumentCache full:https://registry.npmjs.org/object-inspect cache-miss
413 silly fetch manifest side-channel-list@^1.0.0
414 silly packumentCache full:https://registry.npmjs.org/side-channel-list cache-miss
415 silly fetch manifest side-channel-map@^1.0.1
416 silly packumentCache full:https://registry.npmjs.org/side-channel-map cache-miss
417 silly fetch manifest side-channel-weakmap@^1.0.2
418 silly packumentCache full:https://registry.npmjs.org/side-channel-weakmap cache-miss
419 http fetch GET 200 https://registry.npmjs.org/object-inspect 66ms (cache miss)
420 silly packumentCache full:https://registry.npmjs.org/object-inspect set size:undefined disposed:false
421 http fetch GET 200 https://registry.npmjs.org/side-channel-map 70ms (cache miss)
422 silly packumentCache full:https://registry.npmjs.org/side-channel-map set size:undefined disposed:false
423 http fetch GET 200 https://registry.npmjs.org/side-channel-weakmap 74ms (cache miss)
424 silly packumentCache full:https://registry.npmjs.org/side-channel-weakmap set size:undefined disposed:false
425 http fetch GET 200 https://registry.npmjs.org/es-errors 80ms (cache miss)
426 silly packumentCache full:https://registry.npmjs.org/es-errors set size:undefined disposed:false
427 http fetch GET 200 https://registry.npmjs.org/side-channel-list 87ms (cache miss)
428 silly packumentCache full:https://registry.npmjs.org/side-channel-list set size:undefined disposed:false
429 silly placeDep ROOT mime@1.6.0 OK for: send@0.19.2 want: 1.6.0
430 silly placeDep node_modules/send ms@2.1.3 OK for: send@0.19.2 want: 2.1.3
431 silly placeDep ROOT es-errors@1.3.0 OK for: side-channel@1.1.0 want: ^1.3.0
432 silly placeDep ROOT object-inspect@1.13.4 OK for: side-channel@1.1.0 want: ^1.13.3
433 silly placeDep ROOT side-channel-list@1.0.1 OK for: side-channel@1.1.0 want: ^1.0.0
434 silly placeDep ROOT side-channel-map@1.0.1 OK for: side-channel@1.1.0 want: ^1.0.1
435 silly placeDep ROOT side-channel-weakmap@1.0.2 OK for: side-channel@1.1.0 want: ^1.0.2
436 silly fetch manifest call-bound@^1.0.2
437 silly packumentCache full:https://registry.npmjs.org/call-bound cache-miss
438 silly fetch manifest get-intrinsic@^1.2.5
439 silly packumentCache full:https://registry.npmjs.org/get-intrinsic cache-miss
440 silly fetch manifest call-bound@^1.0.2
441 silly packumentCache full:https://registry.npmjs.org/call-bound cache-miss
442 silly fetch manifest get-intrinsic@^1.2.5
443 silly packumentCache full:https://registry.npmjs.org/get-intrinsic cache-miss
444 http fetch GET 200 https://registry.npmjs.org/call-bound 73ms (cache miss)
445 silly packumentCache full:https://registry.npmjs.org/call-bound set size:undefined disposed:false
446 http fetch GET 200 https://registry.npmjs.org/call-bound 75ms (cache miss)
447 silly packumentCache full:https://registry.npmjs.org/call-bound set size:undefined disposed:false
448 http fetch GET 200 https://registry.npmjs.org/get-intrinsic 81ms (cache miss)
449 silly packumentCache full:https://registry.npmjs.org/get-intrinsic set size:undefined disposed:false
450 http fetch GET 200 https://registry.npmjs.org/get-intrinsic 82ms (cache miss)
451 silly packumentCache full:https://registry.npmjs.org/get-intrinsic set size:undefined disposed:false
452 silly placeDep ROOT call-bound@1.0.4 OK for: side-channel-map@1.0.1 want: ^1.0.2
453 silly placeDep ROOT get-intrinsic@1.3.0 OK for: side-channel-map@1.0.1 want: ^1.2.5
454 silly fetch manifest call-bind-apply-helpers@^1.0.2
455 silly packumentCache full:https://registry.npmjs.org/call-bind-apply-helpers cache-miss
456 silly fetch manifest get-intrinsic@^1.3.0
457 silly packumentCache full:https://registry.npmjs.org/get-intrinsic cache-miss
458 silly fetch manifest gopd@^1.2.0
459 silly packumentCache full:https://registry.npmjs.org/gopd cache-miss
460 silly fetch manifest hasown@^2.0.2
461 silly packumentCache full:https://registry.npmjs.org/hasown cache-miss
462 silly fetch manifest get-proto@^1.0.1
463 silly packumentCache full:https://registry.npmjs.org/get-proto cache-miss
464 silly fetch manifest has-symbols@^1.1.0
465 silly packumentCache full:https://registry.npmjs.org/has-symbols cache-miss
466 silly fetch manifest function-bind@^1.1.2
467 silly packumentCache full:https://registry.npmjs.org/function-bind cache-miss
468 http cache https://registry.npmjs.org/get-intrinsic 4ms (cache hit)
469 silly packumentCache full:https://registry.npmjs.org/get-intrinsic set size:60985 disposed:false
470 silly fetch manifest es-object-atoms@^1.1.1
471 silly packumentCache full:https://registry.npmjs.org/es-object-atoms cache-miss
472 http fetch GET 200 https://registry.npmjs.org/es-object-atoms 67ms (cache miss)
473 silly packumentCache full:https://registry.npmjs.org/es-object-atoms set size:undefined disposed:false
474 silly fetch manifest math-intrinsics@^1.1.0
475 silly packumentCache full:https://registry.npmjs.org/math-intrinsics cache-miss
476 http fetch GET 200 https://registry.npmjs.org/function-bind 72ms (cache miss)
477 silly packumentCache full:https://registry.npmjs.org/function-bind set size:undefined disposed:false
478 silly fetch manifest es-define-property@^1.0.1
479 silly packumentCache full:https://registry.npmjs.org/es-define-property cache-miss
480 http fetch GET 200 https://registry.npmjs.org/get-proto 72ms (cache miss)
481 silly packumentCache full:https://registry.npmjs.org/get-proto set size:undefined disposed:false
482 silly fetch manifest call-bind-apply-helpers@^1.0.2
483 silly packumentCache full:https://registry.npmjs.org/call-bind-apply-helpers cache-miss
484 http fetch GET 200 https://registry.npmjs.org/hasown 74ms (cache miss)
485 silly packumentCache full:https://registry.npmjs.org/hasown set size:undefined disposed:false
486 http fetch GET 200 https://registry.npmjs.org/has-symbols 74ms (cache miss)
487 silly packumentCache full:https://registry.npmjs.org/has-symbols set size:undefined disposed:false
488 http fetch GET 200 https://registry.npmjs.org/gopd 76ms (cache miss)
489 silly packumentCache full:https://registry.npmjs.org/gopd set size:undefined disposed:false
490 http fetch GET 200 https://registry.npmjs.org/call-bind-apply-helpers 82ms (cache miss)
491 silly packumentCache full:https://registry.npmjs.org/call-bind-apply-helpers set size:undefined disposed:false
492 http fetch GET 200 https://registry.npmjs.org/es-define-property 61ms (cache miss)
493 silly packumentCache full:https://registry.npmjs.org/es-define-property set size:undefined disposed:false
494 http fetch GET 200 https://registry.npmjs.org/math-intrinsics 62ms (cache miss)
495 silly packumentCache full:https://registry.npmjs.org/math-intrinsics set size:undefined disposed:false
496 http fetch GET 200 https://registry.npmjs.org/call-bind-apply-helpers 70ms (cache miss)
497 silly packumentCache full:https://registry.npmjs.org/call-bind-apply-helpers set size:undefined disposed:false
498 silly placeDep ROOT call-bind-apply-helpers@1.0.2 OK for: call-bound@1.0.4 want: ^1.0.2
499 silly placeDep ROOT function-bind@1.1.2 OK for: call-bind-apply-helpers@1.0.2 want: ^1.1.2
500 silly placeDep ROOT es-define-property@1.0.1 OK for: get-intrinsic@1.3.0 want: ^1.0.1
501 silly placeDep ROOT es-object-atoms@1.1.1 OK for: get-intrinsic@1.3.0 want: ^1.1.1
502 silly placeDep ROOT get-proto@1.0.1 OK for: get-intrinsic@1.3.0 want: ^1.0.1
503 silly placeDep ROOT gopd@1.2.0 OK for: get-intrinsic@1.3.0 want: ^1.2.0
504 silly placeDep ROOT has-symbols@1.1.0 OK for: get-intrinsic@1.3.0 want: ^1.1.0
505 silly placeDep ROOT hasown@2.0.3 OK for: get-intrinsic@1.3.0 want: ^2.0.2
506 silly placeDep ROOT math-intrinsics@1.1.0 OK for: get-intrinsic@1.3.0 want: ^1.1.0
507 silly fetch manifest dunder-proto@^1.0.1
508 silly packumentCache full:https://registry.npmjs.org/dunder-proto cache-miss
509 http fetch GET 200 https://registry.npmjs.org/dunder-proto 66ms (cache miss)
510 silly packumentCache full:https://registry.npmjs.org/dunder-proto set size:undefined disposed:false
511 silly placeDep ROOT dunder-proto@1.0.1 OK for: get-proto@1.0.1 want: ^1.0.1
512 silly placeDep ROOT esbuild@0.27.7 OK for: tsx@4.21.0 want: ~0.27.0
513 silly placeDep ROOT fsevents@2.3.3 OK for: tsx@4.21.0 want: ~2.3.3
514 silly placeDep ROOT get-tsconfig@4.14.0 OK for: tsx@4.21.0 want: ^4.7.5
515 silly fetch manifest @esbuild/aix-ppc64@0.27.7
516 silly packumentCache full:https://registry.npmjs.org/@esbuild%2faix-ppc64 cache-miss
517 silly fetch manifest @esbuild/linux-arm@0.27.7
518 silly packumentCache full:https://registry.npmjs.org/@esbuild%2flinux-arm cache-miss
519 silly fetch manifest @esbuild/linux-x64@0.27.7
520 silly packumentCache full:https://registry.npmjs.org/@esbuild%2flinux-x64 cache-miss
521 silly fetch manifest @esbuild/sunos-x64@0.27.7
522 silly packumentCache full:https://registry.npmjs.org/@esbuild%2fsunos-x64 cache-miss
523 silly fetch manifest @esbuild/win32-x64@0.27.7
524 silly packumentCache full:https://registry.npmjs.org/@esbuild%2fwin32-x64 cache-miss
525 silly fetch manifest @esbuild/darwin-x64@0.27.7
526 silly packumentCache full:https://registry.npmjs.org/@esbuild%2fdarwin-x64 cache-miss
527 silly fetch manifest @esbuild/linux-ia32@0.27.7
528 silly packumentCache full:https://registry.npmjs.org/@esbuild%2flinux-ia32 cache-miss
529 http fetch GET 200 https://registry.npmjs.org/@esbuild%2faix-ppc64 98ms (cache miss)
530 silly packumentCache full:https://registry.npmjs.org/@esbuild%2faix-ppc64 set size:undefined disposed:false
531 silly fetch manifest @esbuild/netbsd-x64@0.27.7
532 silly packumentCache full:https://registry.npmjs.org/@esbuild%2fnetbsd-x64 cache-miss
533 http fetch GET 200 https://registry.npmjs.org/@esbuild%2fsunos-x64 99ms (cache miss)
534 silly packumentCache full:https://registry.npmjs.org/@esbuild%2fsunos-x64 set size:undefined disposed:false
535 silly fetch manifest @esbuild/win32-ia32@0.27.7
536 silly packumentCache full:https://registry.npmjs.org/@esbuild%2fwin32-ia32 cache-miss
537 http fetch GET 200 https://registry.npmjs.org/@esbuild%2fwin32-x64 101ms (cache miss)
538 silly packumentCache full:https://registry.npmjs.org/@esbuild%2fwin32-x64 set size:undefined disposed:false
539 silly fetch manifest @esbuild/android-arm@0.27.7
540 silly packumentCache full:https://registry.npmjs.org/@esbuild%2fandroid-arm cache-miss
541 http fetch GET 200 https://registry.npmjs.org/@esbuild%2flinux-ia32 103ms (cache miss)
542 silly packumentCache full:https://registry.npmjs.org/@esbuild%2flinux-ia32 set size:undefined disposed:false
543 silly fetch manifest @esbuild/android-x64@0.27.7
544 silly packumentCache full:https://registry.npmjs.org/@esbuild%2fandroid-x64 cache-miss
545 http fetch GET 200 https://registry.npmjs.org/@esbuild%2flinux-x64 107ms (cache miss)
546 silly packumentCache full:https://registry.npmjs.org/@esbuild%2flinux-x64 set size:undefined disposed:false
547 silly fetch manifest @esbuild/freebsd-x64@0.27.7
548 silly packumentCache full:https://registry.npmjs.org/@esbuild%2ffreebsd-x64 cache-miss
549 http fetch GET 200 https://registry.npmjs.org/@esbuild%2fdarwin-x64 114ms (cache miss)
550 silly packumentCache full:https://registry.npmjs.org/@esbuild%2fdarwin-x64 set size:undefined disposed:false
551 silly fetch manifest @esbuild/linux-arm64@0.27.7
552 silly packumentCache full:https://registry.npmjs.org/@esbuild%2flinux-arm64 cache-miss
553 http fetch GET 200 https://registry.npmjs.org/@esbuild%2flinux-arm 125ms (cache miss)
554 silly packumentCache full:https://registry.npmjs.org/@esbuild%2flinux-arm set size:undefined disposed:false
555 silly fetch manifest @esbuild/linux-ppc64@0.27.7
556 silly packumentCache full:https://registry.npmjs.org/@esbuild%2flinux-ppc64 cache-miss
557 http fetch GET 200 https://registry.npmjs.org/@esbuild%2fwin32-ia32 87ms (cache miss)
558 silly packumentCache full:https://registry.npmjs.org/@esbuild%2fwin32-ia32 set size:undefined disposed:false
559 silly fetch manifest @esbuild/linux-s390x@0.27.7
560 silly packumentCache full:https://registry.npmjs.org/@esbuild%2flinux-s390x cache-miss
561 http fetch GET 200 https://registry.npmjs.org/@esbuild%2fandroid-arm 90ms (cache miss)
562 silly packumentCache full:https://registry.npmjs.org/@esbuild%2fandroid-arm set size:undefined disposed:false
563 silly fetch manifest @esbuild/openbsd-x64@0.27.7
564 silly packumentCache full:https://registry.npmjs.org/@esbuild%2fopenbsd-x64 cache-miss
565 http fetch GET 200 https://registry.npmjs.org/@esbuild%2fnetbsd-x64 94ms (cache miss)
566 silly packumentCache full:https://registry.npmjs.org/@esbuild%2fnetbsd-x64 set size:undefined disposed:false
567 silly fetch manifest @esbuild/win32-arm64@0.27.7
568 silly packumentCache full:https://registry.npmjs.org/@esbuild%2fwin32-arm64 cache-miss
569 http fetch GET 200 https://registry.npmjs.org/@esbuild%2fandroid-x64 90ms (cache miss)
570 silly packumentCache full:https://registry.npmjs.org/@esbuild%2fandroid-x64 set size:undefined disposed:false
571 silly fetch manifest @esbuild/darwin-arm64@0.27.7
572 silly packumentCache full:https://registry.npmjs.org/@esbuild%2fdarwin-arm64 cache-miss
573 http fetch GET 200 https://registry.npmjs.org/@esbuild%2flinux-arm64 104ms (cache miss)
574 silly packumentCache full:https://registry.npmjs.org/@esbuild%2flinux-arm64 set size:undefined disposed:false
575 silly fetch manifest @esbuild/netbsd-arm64@0.27.7
576 silly packumentCache full:https://registry.npmjs.org/@esbuild%2fnetbsd-arm64 cache-miss
577 http fetch GET 200 https://registry.npmjs.org/@esbuild%2flinux-ppc64 104ms (cache miss)
578 silly packumentCache full:https://registry.npmjs.org/@esbuild%2flinux-ppc64 set size:undefined disposed:false
579 silly fetch manifest @esbuild/android-arm64@0.27.7
580 silly packumentCache full:https://registry.npmjs.org/@esbuild%2fandroid-arm64 cache-miss
581 http fetch GET 200 https://registry.npmjs.org/@esbuild%2fwin32-arm64 88ms (cache miss)
582 silly packumentCache full:https://registry.npmjs.org/@esbuild%2fwin32-arm64 set size:undefined disposed:false
583 silly fetch manifest @esbuild/freebsd-arm64@0.27.7
584 silly packumentCache full:https://registry.npmjs.org/@esbuild%2ffreebsd-arm64 cache-miss
585 http fetch GET 200 https://registry.npmjs.org/@esbuild%2flinux-s390x 98ms (cache miss)
586 silly packumentCache full:https://registry.npmjs.org/@esbuild%2flinux-s390x set size:undefined disposed:false
587 silly fetch manifest @esbuild/linux-loong64@0.27.7
588 silly packumentCache full:https://registry.npmjs.org/@esbuild%2flinux-loong64 cache-miss
589 http fetch GET 200 https://registry.npmjs.org/@esbuild%2fdarwin-arm64 93ms (cache miss)
590 silly packumentCache full:https://registry.npmjs.org/@esbuild%2fdarwin-arm64 set size:undefined disposed:false
591 silly fetch manifest @esbuild/linux-riscv64@0.27.7
592 silly packumentCache full:https://registry.npmjs.org/@esbuild%2flinux-riscv64 cache-miss
593 http fetch GET 200 https://registry.npmjs.org/@esbuild%2fopenbsd-x64 108ms (cache miss)
594 silly packumentCache full:https://registry.npmjs.org/@esbuild%2fopenbsd-x64 set size:undefined disposed:false
595 silly fetch manifest @esbuild/openbsd-arm64@0.27.7
596 silly packumentCache full:https://registry.npmjs.org/@esbuild%2fopenbsd-arm64 cache-miss
597 http fetch GET 200 https://registry.npmjs.org/@esbuild%2fnetbsd-arm64 90ms (cache miss)
598 silly packumentCache full:https://registry.npmjs.org/@esbuild%2fnetbsd-arm64 set size:undefined disposed:false
599 silly fetch manifest @esbuild/linux-mips64el@0.27.7
600 silly packumentCache full:https://registry.npmjs.org/@esbuild%2flinux-mips64el cache-miss
601 http fetch GET 200 https://registry.npmjs.org/@esbuild%2fandroid-arm64 105ms (cache miss)
602 silly packumentCache full:https://registry.npmjs.org/@esbuild%2fandroid-arm64 set size:undefined disposed:false
603 silly fetch manifest @esbuild/openharmony-arm64@0.27.7
604 silly packumentCache full:https://registry.npmjs.org/@esbuild%2fopenharmony-arm64 cache-miss
605 http fetch GET 200 https://registry.npmjs.org/@esbuild%2ffreebsd-x64 242ms (cache miss)
606 silly packumentCache full:https://registry.npmjs.org/@esbuild%2ffreebsd-x64 set size:undefined disposed:false
607 silly fetch manifest resolve-pkg-maps@^1.0.0
608 silly packumentCache full:https://registry.npmjs.org/resolve-pkg-maps cache-miss
609 http fetch GET 200 https://registry.npmjs.org/@esbuild%2ffreebsd-arm64 132ms (cache miss)
610 silly packumentCache full:https://registry.npmjs.org/@esbuild%2ffreebsd-arm64 set size:undefined disposed:false
611 http fetch GET 200 https://registry.npmjs.org/@esbuild%2flinux-loong64 129ms (cache miss)
612 silly packumentCache full:https://registry.npmjs.org/@esbuild%2flinux-loong64 set size:undefined disposed:false
613 http fetch GET 200 https://registry.npmjs.org/@esbuild%2flinux-riscv64 128ms (cache miss)
614 silly packumentCache full:https://registry.npmjs.org/@esbuild%2flinux-riscv64 set size:undefined disposed:false
615 http fetch GET 200 https://registry.npmjs.org/resolve-pkg-maps 108ms (cache miss)
616 silly packumentCache full:https://registry.npmjs.org/resolve-pkg-maps set size:undefined disposed:false
617 http fetch GET 200 https://registry.npmjs.org/@esbuild%2fopenharmony-arm64 123ms (cache miss)
618 silly packumentCache full:https://registry.npmjs.org/@esbuild%2fopenharmony-arm64 set size:undefined disposed:false
619 http fetch GET 200 https://registry.npmjs.org/@esbuild%2fopenbsd-arm64 158ms (cache miss)
620 silly packumentCache full:https://registry.npmjs.org/@esbuild%2fopenbsd-arm64 set size:undefined disposed:false
621 http fetch GET 200 https://registry.npmjs.org/@esbuild%2flinux-mips64el 150ms (cache miss)
622 silly packumentCache full:https://registry.npmjs.org/@esbuild%2flinux-mips64el set size:undefined disposed:false
623 silly placeDep ROOT @esbuild/aix-ppc64@0.27.7 OK for: esbuild@0.27.7 want: 0.27.7
624 silly placeDep ROOT @esbuild/android-arm@0.27.7 OK for: esbuild@0.27.7 want: 0.27.7
625 silly placeDep ROOT @esbuild/android-arm64@0.27.7 OK for: esbuild@0.27.7 want: 0.27.7
626 silly placeDep ROOT @esbuild/android-x64@0.27.7 OK for: esbuild@0.27.7 want: 0.27.7
627 silly placeDep ROOT @esbuild/darwin-arm64@0.27.7 OK for: esbuild@0.27.7 want: 0.27.7
628 silly placeDep ROOT @esbuild/darwin-x64@0.27.7 OK for: esbuild@0.27.7 want: 0.27.7
629 silly placeDep ROOT @esbuild/freebsd-arm64@0.27.7 OK for: esbuild@0.27.7 want: 0.27.7
630 silly placeDep ROOT @esbuild/freebsd-x64@0.27.7 OK for: esbuild@0.27.7 want: 0.27.7
631 silly placeDep ROOT @esbuild/linux-arm@0.27.7 OK for: esbuild@0.27.7 want: 0.27.7
632 silly placeDep ROOT @esbuild/linux-arm64@0.27.7 OK for: esbuild@0.27.7 want: 0.27.7
633 silly placeDep ROOT @esbuild/linux-ia32@0.27.7 OK for: esbuild@0.27.7 want: 0.27.7
634 silly placeDep ROOT @esbuild/linux-loong64@0.27.7 OK for: esbuild@0.27.7 want: 0.27.7
635 silly placeDep ROOT @esbuild/linux-mips64el@0.27.7 OK for: esbuild@0.27.7 want: 0.27.7
636 silly placeDep ROOT @esbuild/linux-ppc64@0.27.7 OK for: esbuild@0.27.7 want: 0.27.7
637 silly placeDep ROOT @esbuild/linux-riscv64@0.27.7 OK for: esbuild@0.27.7 want: 0.27.7
638 silly placeDep ROOT @esbuild/linux-s390x@0.27.7 OK for: esbuild@0.27.7 want: 0.27.7
639 silly placeDep ROOT @esbuild/linux-x64@0.27.7 OK for: esbuild@0.27.7 want: 0.27.7
640 silly placeDep ROOT @esbuild/netbsd-arm64@0.27.7 OK for: esbuild@0.27.7 want: 0.27.7
641 silly placeDep ROOT @esbuild/netbsd-x64@0.27.7 OK for: esbuild@0.27.7 want: 0.27.7
642 silly placeDep ROOT @esbuild/openbsd-arm64@0.27.7 OK for: esbuild@0.27.7 want: 0.27.7
643 silly placeDep ROOT @esbuild/openbsd-x64@0.27.7 OK for: esbuild@0.27.7 want: 0.27.7
644 silly placeDep ROOT @esbuild/openharmony-arm64@0.27.7 OK for: esbuild@0.27.7 want: 0.27.7
645 silly placeDep ROOT @esbuild/sunos-x64@0.27.7 OK for: esbuild@0.27.7 want: 0.27.7
646 silly placeDep ROOT @esbuild/win32-arm64@0.27.7 OK for: esbuild@0.27.7 want: 0.27.7
647 silly placeDep ROOT @esbuild/win32-ia32@0.27.7 OK for: esbuild@0.27.7 want: 0.27.7
648 silly placeDep ROOT @esbuild/win32-x64@0.27.7 OK for: esbuild@0.27.7 want: 0.27.7
649 silly placeDep ROOT resolve-pkg-maps@1.0.0 OK for: get-tsconfig@4.14.0 want: ^1.0.0
650 silly placeDep ROOT media-typer@0.3.0 OK for: type-is@1.6.18 want: 0.3.0
651 silly placeDep ROOT @types/mime@1.3.5 OK for: @types/send@0.17.6 want: ^1
652 silly reify moves {}
653 silly audit bulk request {
653 silly audit   '@babel/runtime': [ '7.29.2' ],
653 silly audit   'ansi-regex': [ '5.0.1' ],
653 silly audit   'ansi-styles': [ '4.3.0' ],
653 silly audit   chalk: [ '4.1.2' ],
653 silly audit   'supports-color': [ '7.2.0', '8.1.1' ],
653 silly audit   cliui: [ '8.0.1' ],
653 silly audit   'color-convert': [ '2.0.1' ],
653 silly audit   'color-name': [ '1.1.4' ],
653 silly audit   concurrently: [ '8.2.2' ],
653 silly audit   'cross-env': [ '7.0.3' ],
653 silly audit   'cross-spawn': [ '7.0.6' ],
653 silly audit   'date-fns': [ '2.30.0' ],
653 silly audit   'emoji-regex': [ '8.0.0' ],
653 silly audit   escalade: [ '3.2.0' ],
653 silly audit   'get-caller-file': [ '2.0.5' ],
653 silly audit   'has-flag': [ '4.0.0' ],
653 silly audit   'is-fullwidth-code-point': [ '3.0.0' ],
653 silly audit   isexe: [ '2.0.0' ],
653 silly audit   lodash: [ '4.18.1' ],
653 silly audit   'path-key': [ '3.1.1' ],
653 silly audit   'require-directory': [ '2.1.1' ],
653 silly audit   rxjs: [ '7.8.2' ],
653 silly audit   'shebang-command': [ '2.0.0' ],
653 silly audit   'shebang-regex': [ '3.0.0' ],
653 silly audit   'shell-quote': [ '1.8.3' ],
653 silly audit   'spawn-command': [ '0.0.2' ],
653 silly audit   'string-width': [ '4.2.3' ],
653 silly audit   'strip-ansi': [ '6.0.1' ],
653 silly audit   'tree-kill': [ '1.2.2' ],
653 silly audit   tslib: [ '2.8.1' ],
653 silly audit   typescript: [ '5.9.3' ],
653 silly audit   which: [ '2.0.2' ],
653 silly audit   'wrap-ansi': [ '7.0.0' ],
653 silly audit   y18n: [ '5.0.8' ],
653 silly audit   yargs: [ '17.7.2' ],
653 silly audit   'yargs-parser': [ '21.1.1' ],
653 silly audit   zod: [ '3.25.76' ],
653 silly audit   '@types/express': [ '4.17.25' ],
653 silly audit   '@types/uuid': [ '9.0.8' ],
653 silly audit   '@types/ws': [ '8.18.1' ],
653 silly audit   express: [ '4.22.1' ],
653 silly audit   tsx: [ '4.21.0' ],
653 silly audit   uuid: [ '9.0.1' ],
653 silly audit   ws: [ '8.20.0' ],
653 silly audit   '@types/body-parser': [ '1.19.6' ],
653 silly audit   '@types/express-serve-static-core': [ '4.19.8' ],
653 silly audit   '@types/qs': [ '6.15.0' ],
653 silly audit   '@types/serve-static': [ '1.15.10' ],
653 silly audit   '@types/connect': [ '3.4.38' ],
653 silly audit   '@types/node': [ '25.6.0' ],
653 silly audit   '@types/range-parser': [ '1.2.7' ],
653 silly audit   '@types/send': [ '1.2.1', '0.17.6' ],
653 silly audit   'undici-types': [ '7.19.2' ],
653 silly audit   '@types/http-errors': [ '2.0.5' ],
653 silly audit   accepts: [ '1.3.8' ],
653 silly audit   'array-flatten': [ '1.1.1' ],
653 silly audit   'body-parser': [ '1.20.4' ],
653 silly audit   'content-disposition': [ '0.5.4' ],
653 silly audit   'content-type': [ '1.0.5' ],
653 silly audit   cookie: [ '0.7.2' ],
653 silly audit   'cookie-signature': [ '1.0.7' ],
653 silly audit   debug: [ '2.6.9' ],
653 silly audit   depd: [ '2.0.0' ],
653 silly audit   encodeurl: [ '2.0.0' ],
653 silly audit   'escape-html': [ '1.0.3' ],
653 silly audit   etag: [ '1.8.1' ],
653 silly audit   finalhandler: [ '1.3.2' ],
653 silly audit   fresh: [ '0.5.2' ],
653 silly audit   'http-errors': [ '2.0.1' ],
653 silly audit   'merge-descriptors': [ '1.0.3' ],
653 silly audit   methods: [ '1.1.2' ],
653 silly audit   'on-finished': [ '2.4.1' ],
653 silly audit   parseurl: [ '1.3.3' ],
653 silly audit   'path-to-regexp': [ '0.1.13' ],
653 silly audit   'proxy-addr': [ '2.0.7' ],
653 silly audit   qs: [ '6.14.2' ],
653 silly audit   'range-parser': [ '1.2.1' ],
653 silly audit   'safe-buffer': [ '5.2.1' ],
653 silly audit   send: [ '0.19.2' ],
653 silly audit   'serve-static': [ '1.16.3' ],
653 silly audit   setprototypeof: [ '1.2.0' ],
653 silly audit   statuses: [ '2.0.2' ],
653 silly audit   'type-is': [ '1.6.18' ],
653 silly audit   'utils-merge': [ '1.0.1' ],
653 silly audit   vary: [ '1.1.2' ],
653 silly audit   'mime-types': [ '2.1.35' ],
653 silly audit   negotiator: [ '0.6.3' ],
653 silly audit   bytes: [ '3.1.2' ],
653 silly audit   destroy: [ '1.2.0' ],
653 silly audit   'iconv-lite': [ '0.4.24' ],
653 silly audit   'raw-body': [ '2.5.3' ],
653 silly audit   unpipe: [ '1.0.0' ],
653 silly audit   ms: [ '2.0.0', '2.1.3' ],
653 silly audit   inherits: [ '2.0.4' ],
653 silly audit   toidentifier: [ '1.0.1' ],
653 silly audit   'safer-buffer': [ '2.1.2' ],
653 silly audit   'mime-db': [ '1.52.0' ],
653 silly audit   'ee-first': [ '1.1.1' ],
653 silly audit   forwarded: [ '0.2.0' ],
653 silly audit   'ipaddr.js': [ '1.9.1' ],
653 silly audit   'side-channel': [ '1.1.0' ],
653 silly audit   mime: [ '1.6.0' ],
653 silly audit   'es-errors': [ '1.3.0' ],
653 silly audit   'object-inspect': [ '1.13.4' ],
653 silly audit   'side-channel-list': [ '1.0.1' ],
653 silly audit   'side-channel-map': [ '1.0.1' ],
653 silly audit   'side-channel-weakmap': [ '1.0.2' ],
653 silly audit   'call-bound': [ '1.0.4' ],
653 silly audit   'get-intrinsic': [ '1.3.0' ],
653 silly audit   'call-bind-apply-helpers': [ '1.0.2' ],
653 silly audit   'function-bind': [ '1.1.2' ],
653 silly audit   'es-define-property': [ '1.0.1' ],
653 silly audit   'es-object-atoms': [ '1.1.1' ],
653 silly audit   'get-proto': [ '1.0.1' ],
653 silly audit   gopd: [ '1.2.0' ],
653 silly audit   'has-symbols': [ '1.1.0' ],
653 silly audit   hasown: [ '2.0.3' ],
653 silly audit   'math-intrinsics': [ '1.1.0' ],
653 silly audit   'dunder-proto': [ '1.0.1' ],
653 silly audit   esbuild: [ '0.27.7' ],
653 silly audit   fsevents: [ '2.3.3' ],
653 silly audit   'get-tsconfig': [ '4.14.0' ],
653 silly audit   '@esbuild/aix-ppc64': [ '0.27.7' ],
653 silly audit   '@esbuild/android-arm': [ '0.27.7' ],
653 silly audit   '@esbuild/android-arm64': [ '0.27.7' ],
653 silly audit   '@esbuild/android-x64': [ '0.27.7' ],
653 silly audit   '@esbuild/darwin-arm64': [ '0.27.7' ],
653 silly audit   '@esbuild/darwin-x64': [ '0.27.7' ],
653 silly audit   '@esbuild/freebsd-arm64': [ '0.27.7' ],
653 silly audit   '@esbuild/freebsd-x64': [ '0.27.7' ],
653 silly audit   '@esbuild/linux-arm': [ '0.27.7' ],
653 silly audit   '@esbuild/linux-arm64': [ '0.27.7' ],
653 silly audit   '@esbuild/linux-ia32': [ '0.27.7' ],
653 silly audit   '@esbuild/linux-loong64': [ '0.27.7' ],
653 silly audit   '@esbuild/linux-mips64el': [ '0.27.7' ],
653 silly audit   '@esbuild/linux-ppc64': [ '0.27.7' ],
653 silly audit   '@esbuild/linux-riscv64': [ '0.27.7' ],
653 silly audit   '@esbuild/linux-s390x': [ '0.27.7' ],
653 silly audit   '@esbuild/linux-x64': [ '0.27.7' ],
653 silly audit   '@esbuild/netbsd-arm64': [ '0.27.7' ],
653 silly audit   '@esbuild/netbsd-x64': [ '0.27.7' ],
653 silly audit   '@esbuild/openbsd-arm64': [ '0.27.7' ],
653 silly audit   '@esbuild/openbsd-x64': [ '0.27.7' ],
653 silly audit   '@esbuild/openharmony-arm64': [ '0.27.7' ],
653 silly audit   '@esbuild/sunos-x64': [ '0.27.7' ],
653 silly audit   '@esbuild/win32-arm64': [ '0.27.7' ],
653 silly audit   '@esbuild/win32-ia32': [ '0.27.7' ],
653 silly audit   '@esbuild/win32-x64': [ '0.27.7' ],
653 silly audit   'resolve-pkg-maps': [ '1.0.0' ],
653 silly audit   'media-typer': [ '0.3.0' ],
653 silly audit   '@types/mime': [ '1.3.5' ]
653 silly audit }
654 http cache @types/mime@https://registry.npmjs.org/@types/mime/-/mime-1.3.5.tgz 0ms (cache hit)
655 http cache get-tsconfig@https://registry.npmjs.org/get-tsconfig/-/get-tsconfig-4.14.0.tgz 0ms (cache hit)
656 http cache resolve-pkg-maps@https://registry.npmjs.org/resolve-pkg-maps/-/resolve-pkg-maps-1.0.0.tgz 0ms (cache hit)
657 http cache fsevents@https://registry.npmjs.org/fsevents/-/fsevents-2.3.3.tgz 0ms (cache hit)
658 http cache esbuild@https://registry.npmjs.org/esbuild/-/esbuild-0.27.7.tgz 0ms (cache hit)
659 http cache dunder-proto@https://registry.npmjs.org/dunder-proto/-/dunder-proto-1.0.1.tgz 0ms (cache hit)
660 http cache @esbuild/darwin-arm64@https://registry.npmjs.org/@esbuild/darwin-arm64/-/darwin-arm64-0.27.7.tgz 0ms (cache hit)
661 http cache hasown@https://registry.npmjs.org/hasown/-/hasown-2.0.3.tgz 0ms (cache hit)
662 http cache math-intrinsics@https://registry.npmjs.org/math-intrinsics/-/math-intrinsics-1.1.0.tgz 0ms (cache hit)
663 http cache media-typer@https://registry.npmjs.org/media-typer/-/media-typer-0.3.0.tgz 0ms (cache hit)
664 http cache gopd@https://registry.npmjs.org/gopd/-/gopd-1.2.0.tgz 0ms (cache hit)
665 http cache es-object-atoms@https://registry.npmjs.org/es-object-atoms/-/es-object-atoms-1.1.1.tgz 0ms (cache hit)
666 http cache es-define-property@https://registry.npmjs.org/es-define-property/-/es-define-property-1.0.1.tgz 0ms (cache hit)
667 http cache call-bind-apply-helpers@https://registry.npmjs.org/call-bind-apply-helpers/-/call-bind-apply-helpers-1.0.2.tgz 0ms (cache hit)
668 http cache has-symbols@https://registry.npmjs.org/has-symbols/-/has-symbols-1.1.0.tgz 0ms (cache hit)
669 http cache function-bind@https://registry.npmjs.org/function-bind/-/function-bind-1.1.2.tgz 0ms (cache hit)
670 http cache side-channel-weakmap@https://registry.npmjs.org/side-channel-weakmap/-/side-channel-weakmap-1.0.2.tgz 0ms (cache hit)
671 http cache get-proto@https://registry.npmjs.org/get-proto/-/get-proto-1.0.1.tgz 0ms (cache hit)
672 http cache get-intrinsic@https://registry.npmjs.org/get-intrinsic/-/get-intrinsic-1.3.0.tgz 0ms (cache hit)
673 http cache call-bound@https://registry.npmjs.org/call-bound/-/call-bound-1.0.4.tgz 0ms (cache hit)
674 http cache es-errors@https://registry.npmjs.org/es-errors/-/es-errors-1.3.0.tgz 0ms (cache hit)
675 http cache side-channel-map@https://registry.npmjs.org/side-channel-map/-/side-channel-map-1.0.1.tgz 0ms (cache hit)
676 http cache object-inspect@https://registry.npmjs.org/object-inspect/-/object-inspect-1.13.4.tgz 0ms (cache hit)
677 http cache side-channel-list@https://registry.npmjs.org/side-channel-list/-/side-channel-list-1.0.1.tgz 0ms (cache hit)
678 http cache side-channel@https://registry.npmjs.org/side-channel/-/side-channel-1.1.0.tgz 0ms (cache hit)
679 http cache forwarded@https://registry.npmjs.org/forwarded/-/forwarded-0.2.0.tgz 0ms (cache hit)
680 http cache ipaddr.js@https://registry.npmjs.org/ipaddr.js/-/ipaddr.js-1.9.1.tgz 0ms (cache hit)
681 http cache mime-db@https://registry.npmjs.org/mime-db/-/mime-db-1.52.0.tgz 0ms (cache hit)
682 http cache ee-first@https://registry.npmjs.org/ee-first/-/ee-first-1.1.1.tgz 0ms (cache hit)
683 http cache mime@https://registry.npmjs.org/mime/-/mime-1.6.0.tgz 0ms (cache hit)
684 http cache ms@https://registry.npmjs.org/ms/-/ms-2.0.0.tgz 0ms (cache hit)
685 http cache destroy@https://registry.npmjs.org/destroy/-/destroy-1.2.0.tgz 0ms (cache hit)
686 http cache unpipe@https://registry.npmjs.org/unpipe/-/unpipe-1.0.0.tgz 0ms (cache hit)
687 http cache inherits@https://registry.npmjs.org/inherits/-/inherits-2.0.4.tgz 0ms (cache hit)
688 http cache toidentifier@https://registry.npmjs.org/toidentifier/-/toidentifier-1.0.1.tgz 0ms (cache hit)
689 http cache bytes@https://registry.npmjs.org/bytes/-/bytes-3.1.2.tgz 0ms (cache hit)
690 http cache iconv-lite@https://registry.npmjs.org/iconv-lite/-/iconv-lite-0.4.24.tgz 0ms (cache hit)
691 http cache raw-body@https://registry.npmjs.org/raw-body/-/raw-body-2.5.3.tgz 0ms (cache hit)
692 http cache negotiator@https://registry.npmjs.org/negotiator/-/negotiator-0.6.3.tgz 0ms (cache hit)
693 http cache mime-types@https://registry.npmjs.org/mime-types/-/mime-types-2.1.35.tgz 0ms (cache hit)
694 http cache type-is@https://registry.npmjs.org/type-is/-/type-is-1.6.18.tgz 0ms (cache hit)
695 http cache setprototypeof@https://registry.npmjs.org/setprototypeof/-/setprototypeof-1.2.0.tgz 0ms (cache hit)
696 http cache serve-static@https://registry.npmjs.org/serve-static/-/serve-static-1.16.3.tgz 0ms (cache hit)
697 http cache statuses@https://registry.npmjs.org/statuses/-/statuses-2.0.2.tgz 0ms (cache hit)
698 http cache send@https://registry.npmjs.org/send/-/send-0.19.2.tgz 0ms (cache hit)
699 http cache safer-buffer@https://registry.npmjs.org/safer-buffer/-/safer-buffer-2.1.2.tgz 0ms (cache hit)
700 http cache safe-buffer@https://registry.npmjs.org/safe-buffer/-/safe-buffer-5.2.1.tgz 0ms (cache hit)
701 http cache range-parser@https://registry.npmjs.org/range-parser/-/range-parser-1.2.1.tgz 0ms (cache hit)
702 http cache qs@https://registry.npmjs.org/qs/-/qs-6.14.2.tgz 0ms (cache hit)
703 http cache proxy-addr@https://registry.npmjs.org/proxy-addr/-/proxy-addr-2.0.7.tgz 0ms (cache hit)
704 http cache utils-merge@https://registry.npmjs.org/utils-merge/-/utils-merge-1.0.1.tgz 0ms (cache hit)
705 http cache path-to-regexp@https://registry.npmjs.org/path-to-regexp/-/path-to-regexp-0.1.13.tgz 0ms (cache hit)
706 http cache parseurl@https://registry.npmjs.org/parseurl/-/parseurl-1.3.3.tgz 0ms (cache hit)
707 http cache on-finished@https://registry.npmjs.org/on-finished/-/on-finished-2.4.1.tgz 0ms (cache hit)
708 http cache methods@https://registry.npmjs.org/methods/-/methods-1.1.2.tgz 0ms (cache hit)
709 http cache vary@https://registry.npmjs.org/vary/-/vary-1.1.2.tgz 0ms (cache hit)
710 http cache finalhandler@https://registry.npmjs.org/finalhandler/-/finalhandler-1.3.2.tgz 0ms (cache hit)
711 http cache fresh@https://registry.npmjs.org/fresh/-/fresh-0.5.2.tgz 0ms (cache hit)
712 http cache merge-descriptors@https://registry.npmjs.org/merge-descriptors/-/merge-descriptors-1.0.3.tgz 0ms (cache hit)
713 http cache etag@https://registry.npmjs.org/etag/-/etag-1.8.1.tgz 0ms (cache hit)
714 http cache http-errors@https://registry.npmjs.org/http-errors/-/http-errors-2.0.1.tgz 0ms (cache hit)
715 http cache escape-html@https://registry.npmjs.org/escape-html/-/escape-html-1.0.3.tgz 0ms (cache hit)
716 http cache depd@https://registry.npmjs.org/depd/-/depd-2.0.0.tgz 0ms (cache hit)
717 http cache debug@https://registry.npmjs.org/debug/-/debug-2.6.9.tgz 0ms (cache hit)
718 http cache cookie@https://registry.npmjs.org/cookie/-/cookie-0.7.2.tgz 0ms (cache hit)
719 http cache encodeurl@https://registry.npmjs.org/encodeurl/-/encodeurl-2.0.0.tgz 0ms (cache hit)
720 http cache body-parser@https://registry.npmjs.org/body-parser/-/body-parser-1.20.4.tgz 0ms (cache hit)
721 http cache accepts@https://registry.npmjs.org/accepts/-/accepts-1.3.8.tgz 0ms (cache hit)
722 http cache @types/http-errors@https://registry.npmjs.org/@types/http-errors/-/http-errors-2.0.5.tgz 0ms (cache hit)
723 http cache content-type@https://registry.npmjs.org/content-type/-/content-type-1.0.5.tgz 0ms (cache hit)
724 http cache cookie-signature@https://registry.npmjs.org/cookie-signature/-/cookie-signature-1.0.7.tgz 0ms (cache hit)
725 http cache array-flatten@https://registry.npmjs.org/array-flatten/-/array-flatten-1.1.1.tgz 0ms (cache hit)
726 http cache @types/send@https://registry.npmjs.org/@types/send/-/send-1.2.1.tgz 0ms (cache hit)
727 http cache content-disposition@https://registry.npmjs.org/content-disposition/-/content-disposition-0.5.4.tgz 0ms (cache hit)
728 http cache undici-types@https://registry.npmjs.org/undici-types/-/undici-types-7.19.2.tgz 0ms (cache hit)
729 http cache @types/connect@https://registry.npmjs.org/@types/connect/-/connect-3.4.38.tgz 0ms (cache hit)
730 http cache @types/serve-static@https://registry.npmjs.org/@types/serve-static/-/serve-static-1.15.10.tgz 0ms (cache hit)
731 http cache @types/range-parser@https://registry.npmjs.org/@types/range-parser/-/range-parser-1.2.7.tgz 0ms (cache hit)
732 http cache @types/node@https://registry.npmjs.org/@types/node/-/node-25.6.0.tgz 0ms (cache hit)
733 http cache @types/express-serve-static-core@https://registry.npmjs.org/@types/express-serve-static-core/-/express-serve-static-core-4.19.8.tgz 0ms (cache hit)
734 http cache express@https://registry.npmjs.org/express/-/express-4.22.1.tgz 0ms (cache hit)
735 http cache tsx@https://registry.npmjs.org/tsx/-/tsx-4.21.0.tgz 0ms (cache hit)
736 http cache @types/body-parser@https://registry.npmjs.org/@types/body-parser/-/body-parser-1.19.6.tgz 0ms (cache hit)
737 http cache uuid@https://registry.npmjs.org/uuid/-/uuid-9.0.1.tgz 0ms (cache hit)
738 http cache @types/qs@https://registry.npmjs.org/@types/qs/-/qs-6.15.0.tgz 0ms (cache hit)
739 http cache @types/ws@https://registry.npmjs.org/@types/ws/-/ws-8.18.1.tgz 0ms (cache hit)
740 http cache ws@https://registry.npmjs.org/ws/-/ws-8.20.0.tgz 0ms (cache hit)
741 http cache @types/uuid@https://registry.npmjs.org/@types/uuid/-/uuid-9.0.8.tgz 0ms (cache hit)
742 http cache @types/send@https://registry.npmjs.org/@types/send/-/send-0.17.6.tgz 0ms (cache hit)
743 http cache ms@https://registry.npmjs.org/ms/-/ms-2.1.3.tgz 0ms (cache hit)
744 silly tarball no local data for @types/mime@https://registry.npmjs.org/@types/mime/-/mime-1.3.5.tgz. Extracting by manifest.
745 silly tarball no local data for get-tsconfig@https://registry.npmjs.org/get-tsconfig/-/get-tsconfig-4.14.0.tgz. Extracting by manifest.
746 http cache @types/express@https://registry.npmjs.org/@types/express/-/express-4.17.25.tgz 0ms (cache hit)
747 silly tarball no local data for resolve-pkg-maps@https://registry.npmjs.org/resolve-pkg-maps/-/resolve-pkg-maps-1.0.0.tgz. Extracting by manifest.
748 silly tarball no local data for fsevents@https://registry.npmjs.org/fsevents/-/fsevents-2.3.3.tgz. Extracting by manifest.
749 silly tarball no local data for esbuild@https://registry.npmjs.org/esbuild/-/esbuild-0.27.7.tgz. Extracting by manifest.
750 silly tarball no local data for dunder-proto@https://registry.npmjs.org/dunder-proto/-/dunder-proto-1.0.1.tgz. Extracting by manifest.
751 silly tarball no local data for @esbuild/darwin-arm64@https://registry.npmjs.org/@esbuild/darwin-arm64/-/darwin-arm64-0.27.7.tgz. Extracting by manifest.
752 silly tarball no local data for hasown@https://registry.npmjs.org/hasown/-/hasown-2.0.3.tgz. Extracting by manifest.
753 silly tarball no local data for math-intrinsics@https://registry.npmjs.org/math-intrinsics/-/math-intrinsics-1.1.0.tgz. Extracting by manifest.
754 silly tarball no local data for gopd@https://registry.npmjs.org/gopd/-/gopd-1.2.0.tgz. Extracting by manifest.
755 silly tarball no local data for es-object-atoms@https://registry.npmjs.org/es-object-atoms/-/es-object-atoms-1.1.1.tgz. Extracting by manifest.
756 silly tarball no local data for es-define-property@https://registry.npmjs.org/es-define-property/-/es-define-property-1.0.1.tgz. Extracting by manifest.
757 silly tarball no local data for media-typer@https://registry.npmjs.org/media-typer/-/media-typer-0.3.0.tgz. Extracting by manifest.
758 silly tarball no local data for call-bind-apply-helpers@https://registry.npmjs.org/call-bind-apply-helpers/-/call-bind-apply-helpers-1.0.2.tgz. Extracting by manifest.
759 silly tarball no local data for has-symbols@https://registry.npmjs.org/has-symbols/-/has-symbols-1.1.0.tgz. Extracting by manifest.
760 silly tarball no local data for side-channel-weakmap@https://registry.npmjs.org/side-channel-weakmap/-/side-channel-weakmap-1.0.2.tgz. Extracting by manifest.
761 silly tarball no local data for function-bind@https://registry.npmjs.org/function-bind/-/function-bind-1.1.2.tgz. Extracting by manifest.
762 silly tarball no local data for get-proto@https://registry.npmjs.org/get-proto/-/get-proto-1.0.1.tgz. Extracting by manifest.
763 silly tarball no local data for get-intrinsic@https://registry.npmjs.org/get-intrinsic/-/get-intrinsic-1.3.0.tgz. Extracting by manifest.
764 silly tarball no local data for es-errors@https://registry.npmjs.org/es-errors/-/es-errors-1.3.0.tgz. Extracting by manifest.
765 silly tarball no local data for call-bound@https://registry.npmjs.org/call-bound/-/call-bound-1.0.4.tgz. Extracting by manifest.
766 silly tarball no local data for side-channel-map@https://registry.npmjs.org/side-channel-map/-/side-channel-map-1.0.1.tgz. Extracting by manifest.
767 silly tarball no local data for object-inspect@https://registry.npmjs.org/object-inspect/-/object-inspect-1.13.4.tgz. Extracting by manifest.
768 silly tarball no local data for side-channel-list@https://registry.npmjs.org/side-channel-list/-/side-channel-list-1.0.1.tgz. Extracting by manifest.
769 silly tarball no local data for side-channel@https://registry.npmjs.org/side-channel/-/side-channel-1.1.0.tgz. Extracting by manifest.
770 silly tarball no local data for forwarded@https://registry.npmjs.org/forwarded/-/forwarded-0.2.0.tgz. Extracting by manifest.
771 silly tarball no local data for ipaddr.js@https://registry.npmjs.org/ipaddr.js/-/ipaddr.js-1.9.1.tgz. Extracting by manifest.
772 silly tarball no local data for mime-db@https://registry.npmjs.org/mime-db/-/mime-db-1.52.0.tgz. Extracting by manifest.
773 silly tarball no local data for ee-first@https://registry.npmjs.org/ee-first/-/ee-first-1.1.1.tgz. Extracting by manifest.
774 silly tarball no local data for mime@https://registry.npmjs.org/mime/-/mime-1.6.0.tgz. Extracting by manifest.
775 silly tarball no local data for ms@https://registry.npmjs.org/ms/-/ms-2.0.0.tgz. Extracting by manifest.
776 silly tarball no local data for destroy@https://registry.npmjs.org/destroy/-/destroy-1.2.0.tgz. Extracting by manifest.
777 silly tarball no local data for unpipe@https://registry.npmjs.org/unpipe/-/unpipe-1.0.0.tgz. Extracting by manifest.
778 silly tarball no local data for inherits@https://registry.npmjs.org/inherits/-/inherits-2.0.4.tgz. Extracting by manifest.
779 silly tarball no local data for toidentifier@https://registry.npmjs.org/toidentifier/-/toidentifier-1.0.1.tgz. Extracting by manifest.
780 silly tarball no local data for bytes@https://registry.npmjs.org/bytes/-/bytes-3.1.2.tgz. Extracting by manifest.
781 silly tarball no local data for iconv-lite@https://registry.npmjs.org/iconv-lite/-/iconv-lite-0.4.24.tgz. Extracting by manifest.
782 silly tarball no local data for raw-body@https://registry.npmjs.org/raw-body/-/raw-body-2.5.3.tgz. Extracting by manifest.
783 silly tarball no local data for negotiator@https://registry.npmjs.org/negotiator/-/negotiator-0.6.3.tgz. Extracting by manifest.
784 silly tarball no local data for mime-types@https://registry.npmjs.org/mime-types/-/mime-types-2.1.35.tgz. Extracting by manifest.
785 silly tarball no local data for type-is@https://registry.npmjs.org/type-is/-/type-is-1.6.18.tgz. Extracting by manifest.
786 silly tarball no local data for setprototypeof@https://registry.npmjs.org/setprototypeof/-/setprototypeof-1.2.0.tgz. Extracting by manifest.
787 silly tarball no local data for serve-static@https://registry.npmjs.org/serve-static/-/serve-static-1.16.3.tgz. Extracting by manifest.
788 silly tarball no local data for statuses@https://registry.npmjs.org/statuses/-/statuses-2.0.2.tgz. Extracting by manifest.
789 silly tarball no local data for send@https://registry.npmjs.org/send/-/send-0.19.2.tgz. Extracting by manifest.
790 silly tarball no local data for safer-buffer@https://registry.npmjs.org/safer-buffer/-/safer-buffer-2.1.2.tgz. Extracting by manifest.
791 silly tarball no local data for safe-buffer@https://registry.npmjs.org/safe-buffer/-/safe-buffer-5.2.1.tgz. Extracting by manifest.
792 silly tarball no local data for range-parser@https://registry.npmjs.org/range-parser/-/range-parser-1.2.1.tgz. Extracting by manifest.
793 silly tarball no local data for qs@https://registry.npmjs.org/qs/-/qs-6.14.2.tgz. Extracting by manifest.
794 silly tarball no local data for proxy-addr@https://registry.npmjs.org/proxy-addr/-/proxy-addr-2.0.7.tgz. Extracting by manifest.
795 silly tarball no local data for utils-merge@https://registry.npmjs.org/utils-merge/-/utils-merge-1.0.1.tgz. Extracting by manifest.
796 silly tarball no local data for path-to-regexp@https://registry.npmjs.org/path-to-regexp/-/path-to-regexp-0.1.13.tgz. Extracting by manifest.
797 silly tarball no local data for parseurl@https://registry.npmjs.org/parseurl/-/parseurl-1.3.3.tgz. Extracting by manifest.
798 silly tarball no local data for on-finished@https://registry.npmjs.org/on-finished/-/on-finished-2.4.1.tgz. Extracting by manifest.
799 silly tarball no local data for methods@https://registry.npmjs.org/methods/-/methods-1.1.2.tgz. Extracting by manifest.
800 silly tarball no local data for vary@https://registry.npmjs.org/vary/-/vary-1.1.2.tgz. Extracting by manifest.
801 silly tarball no local data for finalhandler@https://registry.npmjs.org/finalhandler/-/finalhandler-1.3.2.tgz. Extracting by manifest.
802 silly tarball no local data for merge-descriptors@https://registry.npmjs.org/merge-descriptors/-/merge-descriptors-1.0.3.tgz. Extracting by manifest.
803 silly tarball no local data for fresh@https://registry.npmjs.org/fresh/-/fresh-0.5.2.tgz. Extracting by manifest.
804 silly tarball no local data for etag@https://registry.npmjs.org/etag/-/etag-1.8.1.tgz. Extracting by manifest.
805 silly tarball no local data for http-errors@https://registry.npmjs.org/http-errors/-/http-errors-2.0.1.tgz. Extracting by manifest.
806 silly tarball no local data for escape-html@https://registry.npmjs.org/escape-html/-/escape-html-1.0.3.tgz. Extracting by manifest.
807 silly tarball no local data for debug@https://registry.npmjs.org/debug/-/debug-2.6.9.tgz. Extracting by manifest.
808 silly tarball no local data for depd@https://registry.npmjs.org/depd/-/depd-2.0.0.tgz. Extracting by manifest.
809 silly tarball no local data for cookie@https://registry.npmjs.org/cookie/-/cookie-0.7.2.tgz. Extracting by manifest.
810 silly tarball no local data for encodeurl@https://registry.npmjs.org/encodeurl/-/encodeurl-2.0.0.tgz. Extracting by manifest.
811 silly tarball no local data for body-parser@https://registry.npmjs.org/body-parser/-/body-parser-1.20.4.tgz. Extracting by manifest.
812 silly tarball no local data for accepts@https://registry.npmjs.org/accepts/-/accepts-1.3.8.tgz. Extracting by manifest.
813 silly tarball no local data for @types/http-errors@https://registry.npmjs.org/@types/http-errors/-/http-errors-2.0.5.tgz. Extracting by manifest.
814 silly tarball no local data for content-type@https://registry.npmjs.org/content-type/-/content-type-1.0.5.tgz. Extracting by manifest.
815 silly tarball no local data for cookie-signature@https://registry.npmjs.org/cookie-signature/-/cookie-signature-1.0.7.tgz. Extracting by manifest.
816 silly tarball no local data for array-flatten@https://registry.npmjs.org/array-flatten/-/array-flatten-1.1.1.tgz. Extracting by manifest.
817 silly tarball no local data for @types/send@https://registry.npmjs.org/@types/send/-/send-1.2.1.tgz. Extracting by manifest.
818 silly tarball no local data for content-disposition@https://registry.npmjs.org/content-disposition/-/content-disposition-0.5.4.tgz. Extracting by manifest.
819 silly tarball no local data for undici-types@https://registry.npmjs.org/undici-types/-/undici-types-7.19.2.tgz. Extracting by manifest.
820 silly tarball no local data for @types/connect@https://registry.npmjs.org/@types/connect/-/connect-3.4.38.tgz. Extracting by manifest.
821 silly tarball no local data for @types/serve-static@https://registry.npmjs.org/@types/serve-static/-/serve-static-1.15.10.tgz. Extracting by manifest.
822 silly tarball no local data for @types/node@https://registry.npmjs.org/@types/node/-/node-25.6.0.tgz. Extracting by manifest.
823 silly tarball no local data for @types/express-serve-static-core@https://registry.npmjs.org/@types/express-serve-static-core/-/express-serve-static-core-4.19.8.tgz. Extracting by manifest.
824 silly tarball no local data for express@https://registry.npmjs.org/express/-/express-4.22.1.tgz. Extracting by manifest.
825 silly tarball no local data for tsx@https://registry.npmjs.org/tsx/-/tsx-4.21.0.tgz. Extracting by manifest.
826 silly tarball no local data for @types/body-parser@https://registry.npmjs.org/@types/body-parser/-/body-parser-1.19.6.tgz. Extracting by manifest.
827 silly tarball no local data for uuid@https://registry.npmjs.org/uuid/-/uuid-9.0.1.tgz. Extracting by manifest.
828 silly tarball no local data for @types/qs@https://registry.npmjs.org/@types/qs/-/qs-6.15.0.tgz. Extracting by manifest.
829 silly tarball no local data for @types/ws@https://registry.npmjs.org/@types/ws/-/ws-8.18.1.tgz. Extracting by manifest.
830 silly tarball no local data for @types/range-parser@https://registry.npmjs.org/@types/range-parser/-/range-parser-1.2.7.tgz. Extracting by manifest.
831 silly tarball no local data for ws@https://registry.npmjs.org/ws/-/ws-8.20.0.tgz. Extracting by manifest.
832 silly tarball no local data for @types/send@https://registry.npmjs.org/@types/send/-/send-0.17.6.tgz. Extracting by manifest.
833 silly tarball no local data for @types/uuid@https://registry.npmjs.org/@types/uuid/-/uuid-9.0.8.tgz. Extracting by manifest.
834 silly tarball no local data for ms@https://registry.npmjs.org/ms/-/ms-2.1.3.tgz. Extracting by manifest.
835 silly tarball no local data for @types/express@https://registry.npmjs.org/@types/express/-/express-4.17.25.tgz. Extracting by manifest.
836 http fetch GET 200 https://registry.npmjs.org/@types/mime/-/mime-1.3.5.tgz 101ms (cache miss)
837 http fetch GET 200 https://registry.npmjs.org/dunder-proto/-/dunder-proto-1.0.1.tgz 100ms (cache miss)
838 http fetch GET 200 https://registry.npmjs.org/fsevents/-/fsevents-2.3.3.tgz 102ms (cache miss)
839 http fetch GET 200 https://registry.npmjs.org/resolve-pkg-maps/-/resolve-pkg-maps-1.0.0.tgz 103ms (cache miss)
840 http fetch GET 200 https://registry.npmjs.org/get-tsconfig/-/get-tsconfig-4.14.0.tgz 104ms (cache miss)
841 http fetch GET 200 https://registry.npmjs.org/esbuild/-/esbuild-0.27.7.tgz 110ms (cache miss)
842 http fetch GET 200 https://registry.npmjs.org/has-symbols/-/has-symbols-1.1.0.tgz 140ms (cache miss)
843 http fetch GET 200 https://registry.npmjs.org/side-channel-weakmap/-/side-channel-weakmap-1.0.2.tgz 153ms (cache miss)
844 http fetch GET 200 https://registry.npmjs.org/function-bind/-/function-bind-1.1.2.tgz 172ms (cache miss)
845 http fetch GET 200 https://registry.npmjs.org/get-proto/-/get-proto-1.0.1.tgz 172ms (cache miss)
846 http fetch GET 200 https://registry.npmjs.org/get-intrinsic/-/get-intrinsic-1.3.0.tgz 172ms (cache miss)
847 http fetch GET 200 https://registry.npmjs.org/es-errors/-/es-errors-1.3.0.tgz 180ms (cache miss)
848 http fetch GET 200 https://registry.npmjs.org/call-bound/-/call-bound-1.0.4.tgz 195ms (cache miss)
849 http fetch POST 200 https://registry.npmjs.org/-/npm/v1/security/advisories/bulk 217ms
850 silly audit report {}
851 http fetch GET 200 https://registry.npmjs.org/hasown/-/hasown-2.0.3.tgz 213ms (cache miss)
852 http fetch GET 200 https://registry.npmjs.org/es-object-atoms/-/es-object-atoms-1.1.1.tgz 214ms (cache miss)
853 http fetch GET 200 https://registry.npmjs.org/es-define-property/-/es-define-property-1.0.1.tgz 215ms (cache miss)
854 http fetch GET 200 https://registry.npmjs.org/side-channel-map/-/side-channel-map-1.0.1.tgz 218ms (cache miss)
855 http fetch GET 200 https://registry.npmjs.org/media-typer/-/media-typer-0.3.0.tgz 220ms (cache miss)
856 http fetch GET 200 https://registry.npmjs.org/call-bind-apply-helpers/-/call-bind-apply-helpers-1.0.2.tgz 220ms (cache miss)
857 http fetch GET 200 https://registry.npmjs.org/math-intrinsics/-/math-intrinsics-1.1.0.tgz 226ms (cache miss)
858 http fetch GET 200 https://registry.npmjs.org/side-channel/-/side-channel-1.1.0.tgz 238ms (cache miss)
859 http fetch GET 200 https://registry.npmjs.org/object-inspect/-/object-inspect-1.13.4.tgz 240ms (cache miss)
860 http fetch GET 200 https://registry.npmjs.org/forwarded/-/forwarded-0.2.0.tgz 251ms (cache miss)
861 http fetch GET 200 https://registry.npmjs.org/side-channel-list/-/side-channel-list-1.0.1.tgz 251ms (cache miss)
862 http fetch GET 200 https://registry.npmjs.org/ipaddr.js/-/ipaddr.js-1.9.1.tgz 251ms (cache miss)
863 http fetch GET 200 https://registry.npmjs.org/gopd/-/gopd-1.2.0.tgz 263ms (cache miss)
864 http fetch GET 200 https://registry.npmjs.org/mime-db/-/mime-db-1.52.0.tgz 265ms (cache miss)
865 http fetch GET 200 https://registry.npmjs.org/ms/-/ms-2.0.0.tgz 265ms (cache miss)
866 http fetch GET 200 https://registry.npmjs.org/ee-first/-/ee-first-1.1.1.tgz 269ms (cache miss)
867 http fetch GET 200 https://registry.npmjs.org/mime/-/mime-1.6.0.tgz 272ms (cache miss)
868 http fetch GET 200 https://registry.npmjs.org/bytes/-/bytes-3.1.2.tgz 273ms (cache miss)
869 http fetch GET 200 https://registry.npmjs.org/toidentifier/-/toidentifier-1.0.1.tgz 279ms (cache miss)
870 http fetch GET 200 https://registry.npmjs.org/destroy/-/destroy-1.2.0.tgz 279ms (cache miss)
871 http fetch GET 200 https://registry.npmjs.org/inherits/-/inherits-2.0.4.tgz 279ms (cache miss)
872 http fetch GET 200 https://registry.npmjs.org/unpipe/-/unpipe-1.0.0.tgz 310ms (cache miss)
873 http fetch GET 200 https://registry.npmjs.org/negotiator/-/negotiator-0.6.3.tgz 309ms (cache miss)
874 http fetch GET 200 https://registry.npmjs.org/setprototypeof/-/setprototypeof-1.2.0.tgz 389ms (cache miss)
875 http fetch GET 200 https://registry.npmjs.org/raw-body/-/raw-body-2.5.3.tgz 390ms (cache miss)
876 http fetch GET 200 https://registry.npmjs.org/statuses/-/statuses-2.0.2.tgz 390ms (cache miss)
877 http fetch GET 200 https://registry.npmjs.org/mime-types/-/mime-types-2.1.35.tgz 391ms (cache miss)
878 http fetch GET 200 https://registry.npmjs.org/safe-buffer/-/safe-buffer-5.2.1.tgz 390ms (cache miss)
879 http fetch GET 200 https://registry.npmjs.org/type-is/-/type-is-1.6.18.tgz 393ms (cache miss)
880 http fetch GET 200 https://registry.npmjs.org/serve-static/-/serve-static-1.16.3.tgz 394ms (cache miss)
881 http fetch GET 200 https://registry.npmjs.org/range-parser/-/range-parser-1.2.1.tgz 393ms (cache miss)
882 http fetch GET 200 https://registry.npmjs.org/safer-buffer/-/safer-buffer-2.1.2.tgz 394ms (cache miss)
883 http fetch GET 200 https://registry.npmjs.org/send/-/send-0.19.2.tgz 394ms (cache miss)
884 http fetch GET 200 https://registry.npmjs.org/utils-merge/-/utils-merge-1.0.1.tgz 393ms (cache miss)
885 http fetch GET 200 https://registry.npmjs.org/proxy-addr/-/proxy-addr-2.0.7.tgz 395ms (cache miss)
886 http fetch GET 200 https://registry.npmjs.org/iconv-lite/-/iconv-lite-0.4.24.tgz 403ms (cache miss)
887 http fetch GET 200 https://registry.npmjs.org/path-to-regexp/-/path-to-regexp-0.1.13.tgz 401ms (cache miss)
888 http fetch GET 200 https://registry.npmjs.org/qs/-/qs-6.14.2.tgz 411ms (cache miss)
889 http fetch GET 200 https://registry.npmjs.org/finalhandler/-/finalhandler-1.3.2.tgz 412ms (cache miss)
890 http fetch GET 200 https://registry.npmjs.org/vary/-/vary-1.1.2.tgz 412ms (cache miss)
891 http fetch GET 200 https://registry.npmjs.org/methods/-/methods-1.1.2.tgz 412ms (cache miss)
892 http fetch GET 200 https://registry.npmjs.org/on-finished/-/on-finished-2.4.1.tgz 413ms (cache miss)
893 http fetch GET 200 https://registry.npmjs.org/parseurl/-/parseurl-1.3.3.tgz 413ms (cache miss)
894 http fetch GET 200 https://registry.npmjs.org/fresh/-/fresh-0.5.2.tgz 425ms (cache miss)
895 http fetch GET 200 https://registry.npmjs.org/escape-html/-/escape-html-1.0.3.tgz 426ms (cache miss)
896 http fetch GET 200 https://registry.npmjs.org/merge-descriptors/-/merge-descriptors-1.0.3.tgz 432ms (cache miss)
897 http fetch GET 200 https://registry.npmjs.org/debug/-/debug-2.6.9.tgz 433ms (cache miss)
898 http fetch GET 200 https://registry.npmjs.org/depd/-/depd-2.0.0.tgz 456ms (cache miss)
899 http fetch GET 200 https://registry.npmjs.org/cookie/-/cookie-0.7.2.tgz 456ms (cache miss)
900 http fetch GET 200 https://registry.npmjs.org/etag/-/etag-1.8.1.tgz 457ms (cache miss)
901 http fetch GET 200 https://registry.npmjs.org/http-errors/-/http-errors-2.0.1.tgz 458ms (cache miss)
902 http fetch GET 200 https://registry.npmjs.org/encodeurl/-/encodeurl-2.0.0.tgz 555ms (cache miss)
903 http fetch GET 200 https://registry.npmjs.org/cookie-signature/-/cookie-signature-1.0.7.tgz 569ms (cache miss)
904 http fetch GET 200 https://registry.npmjs.org/array-flatten/-/array-flatten-1.1.1.tgz 588ms (cache miss)
905 http fetch GET 200 https://registry.npmjs.org/content-type/-/content-type-1.0.5.tgz 589ms (cache miss)
906 http fetch GET 200 https://registry.npmjs.org/@types/connect/-/connect-3.4.38.tgz 588ms (cache miss)
907 http fetch GET 200 https://registry.npmjs.org/accepts/-/accepts-1.3.8.tgz 590ms (cache miss)
908 http fetch GET 200 https://registry.npmjs.org/@types/express-serve-static-core/-/express-serve-static-core-4.19.8.tgz 589ms (cache miss)
909 http fetch GET 200 https://registry.npmjs.org/@types/http-errors/-/http-errors-2.0.5.tgz 591ms (cache miss)
910 http fetch GET 200 https://registry.npmjs.org/content-disposition/-/content-disposition-0.5.4.tgz 594ms (cache miss)
911 http fetch GET 200 https://registry.npmjs.org/body-parser/-/body-parser-1.20.4.tgz 596ms (cache miss)
912 http fetch GET 200 https://registry.npmjs.org/@types/serve-static/-/serve-static-1.15.10.tgz 598ms (cache miss)
913 http fetch GET 200 https://registry.npmjs.org/@types/send/-/send-1.2.1.tgz 600ms (cache miss)
914 http fetch GET 200 https://registry.npmjs.org/undici-types/-/undici-types-7.19.2.tgz 603ms (cache miss)
915 http fetch GET 200 https://registry.npmjs.org/@esbuild/darwin-arm64/-/darwin-arm64-0.27.7.tgz 630ms (cache miss)
916 http fetch GET 200 https://registry.npmjs.org/express/-/express-4.22.1.tgz 659ms (cache miss)
917 http fetch GET 200 https://registry.npmjs.org/@types/body-parser/-/body-parser-1.19.6.tgz 662ms (cache miss)
918 http fetch GET 200 https://registry.npmjs.org/@types/qs/-/qs-6.15.0.tgz 662ms (cache miss)
919 http fetch GET 200 https://registry.npmjs.org/@types/send/-/send-0.17.6.tgz 667ms (cache miss)
920 http fetch GET 200 https://registry.npmjs.org/@types/range-parser/-/range-parser-1.2.7.tgz 669ms (cache miss)
921 http fetch GET 200 https://registry.npmjs.org/@types/uuid/-/uuid-9.0.8.tgz 668ms (cache miss)
922 http fetch GET 200 https://registry.npmjs.org/@types/ws/-/ws-8.18.1.tgz 670ms (cache miss)
923 http fetch GET 200 https://registry.npmjs.org/ws/-/ws-8.20.0.tgz 671ms (cache miss)
924 http fetch GET 200 https://registry.npmjs.org/ms/-/ms-2.1.3.tgz 672ms (cache miss)
925 http fetch GET 200 https://registry.npmjs.org/@types/node/-/node-25.6.0.tgz 678ms (cache miss)
926 http fetch GET 200 https://registry.npmjs.org/uuid/-/uuid-9.0.1.tgz 685ms (cache miss)
927 http fetch GET 200 https://registry.npmjs.org/@types/express/-/express-4.17.25.tgz 690ms (cache miss)
928 http fetch GET 200 https://registry.npmjs.org/tsx/-/tsx-4.21.0.tgz 693ms (cache miss)
929 info run fsevents@2.3.3 install node_modules/fsevents node-gyp rebuild
930 info run fsevents@2.3.3 install { code: 1, signal: null }
931 verbose reify failed optional dependency /Users/marcotiongson/Documents/openclaw-habitat/openclaw-habitat/node_modules/fsevents
932 silly reify mark deleted [
932 silly reify   '/Users/marcotiongson/Documents/openclaw-habitat/openclaw-habitat/node_modules/fsevents'
932 silly reify ]
933 info run esbuild@0.27.7 postinstall node_modules/esbuild node install.js
934 info run esbuild@0.27.7 postinstall { code: 0, signal: null }
935 silly ADD node_modules/@types/mime
936 silly ADD node_modules/media-typer
937 silly ADD node_modules/resolve-pkg-maps
938 silly ADD node_modules/@esbuild/darwin-arm64
939 silly ADD node_modules/get-tsconfig
940 silly ADD
941 silly ADD node_modules/esbuild
942 silly ADD node_modules/dunder-proto
943 silly ADD node_modules/math-intrinsics
944 silly ADD node_modules/hasown
945 silly ADD node_modules/has-symbols
946 silly ADD node_modules/gopd
947 silly ADD node_modules/get-proto
948 silly ADD node_modules/es-object-atoms
949 silly ADD node_modules/es-define-property
950 silly ADD node_modules/function-bind
951 silly ADD node_modules/call-bind-apply-helpers
952 silly ADD node_modules/get-intrinsic
953 silly ADD node_modules/call-bound
954 silly ADD node_modules/side-channel-weakmap
955 silly ADD node_modules/side-channel-map
956 silly ADD node_modules/side-channel-list
957 silly ADD node_modules/object-inspect
958 silly ADD node_modules/es-errors
959 silly ADD node_modules/mime
960 silly ADD node_modules/side-channel
961 silly ADD node_modules/ipaddr.js
962 silly ADD node_modules/forwarded
963 silly ADD node_modules/ee-first
964 silly ADD node_modules/mime-db
965 silly ADD node_modules/safer-buffer
966 silly ADD node_modules/toidentifier
967 silly ADD node_modules/inherits
968 silly ADD node_modules/ms
969 silly ADD node_modules/unpipe
970 silly ADD node_modules/raw-body
971 silly ADD node_modules/iconv-lite
972 silly ADD node_modules/destroy
973 silly ADD node_modules/bytes
974 silly ADD node_modules/negotiator
975 silly ADD node_modules/mime-types
976 silly ADD node_modules/vary
977 silly ADD node_modules/utils-merge
978 silly ADD node_modules/type-is
979 silly ADD node_modules/statuses
980 silly ADD node_modules/setprototypeof
981 silly ADD node_modules/serve-static
982 silly ADD node_modules/send
983 silly ADD node_modules/send/node_modules/ms
984 silly ADD node_modules/safe-buffer
985 silly ADD node_modules/range-parser
986 silly ADD node_modules/qs
987 silly ADD node_modules/proxy-addr
988 silly ADD node_modules/path-to-regexp
989 silly ADD node_modules/parseurl
990 silly ADD node_modules/on-finished
991 silly ADD node_modules/methods
992 silly ADD node_modules/merge-descriptors
993 silly ADD node_modules/http-errors
994 silly ADD node_modules/fresh
995 silly ADD node_modules/finalhandler
996 silly ADD node_modules/etag
997 silly ADD node_modules/escape-html
998 silly ADD node_modules/encodeurl
999 silly ADD node_modules/depd
1000 silly ADD node_modules/debug
1001 silly ADD node_modules/cookie-signature
1002 silly ADD node_modules/cookie
1003 silly ADD node_modules/content-type
1004 silly ADD node_modules/content-disposition
1005 silly ADD node_modules/body-parser
1006 silly ADD node_modules/array-flatten
1007 silly ADD node_modules/accepts
1008 silly ADD node_modules/@types/http-errors
1009 silly ADD node_modules/undici-types
1010 silly ADD node_modules/@types/send
1011 silly ADD node_modules/@types/range-parser
1012 silly ADD node_modules/@types/node
1013 silly ADD node_modules/@types/connect
1014 silly ADD node_modules/@types/serve-static
1015 silly ADD node_modules/@types/serve-static/node_modules/@types/send
1016 silly ADD node_modules/@types/qs
1017 silly ADD node_modules/@types/express-serve-static-core
1018 silly ADD node_modules/@types/body-parser
1019 silly ADD node_modules/ws
1020 silly ADD node_modules/uuid
1021 silly ADD node_modules/tsx
1022 silly ADD node_modules/express
1023 silly ADD node_modules/@types/ws
1024 silly ADD node_modules/@types/uuid
1025 silly ADD node_modules/@types/express
1026 silly ADD node_modules/@habitat/server
1027 verbose cwd /Users/marcotiongson/Documents/openclaw-habitat/openclaw-habitat
1028 verbose os Darwin 25.4.0
1029 verbose node v25.8.2
1030 verbose npm  v11.11.1
1031 verbose exit 0
1032 info ok
