0 verbose cli /opt/homebrew/Cellar/node/25.8.2/bin/node /opt/homebrew/bin/npm
1 info using npm@11.11.1
2 info using node@v25.8.2
3 silly config load:file:/opt/homebrew/lib/node_modules/npm/npmrc
4 silly config load:file:/Users/marcotiongson/Documents/openclaw-habitat/openclaw-habitat/.npmrc
5 silly config load:file:/Users/marcotiongson/.npmrc
6 silly config load:file:/opt/homebrew/etc/npmrc
7 verbose title npm install
8 verbose argv "install" "--cache" "./.npm-cache"
9 verbose logfile logs-max:10 dir:/Users/marcotiongson/Documents/openclaw-habitat/openclaw-habitat/.npm-cache/_logs/2026-04-19T15_59_24_187Z-
10 verbose logfile /Users/marcotiongson/Documents/openclaw-habitat/openclaw-habitat/.npm-cache/_logs/2026-04-19T15_59_24_187Z-debug-0.log
11 silly logfile done cleaning log files
12 silly packumentCache heap:2348810240 maxSize:587202560 maxEntrySize:293601280
13 silly idealTree buildDeps
14 silly fetch manifest concurrently@^8.2.2
15 silly packumentCache full:https://registry.npmjs.org/concurrently cache-miss
16 http fetch GET 200 https://registry.npmjs.org/concurrently 255ms (cache miss)
17 silly packumentCache full:https://registry.npmjs.org/concurrently set size:undefined disposed:false
18 silly fetch manifest cross-env@^7.0.3
19 silly packumentCache full:https://registry.npmjs.org/cross-env cache-miss
20 http fetch GET 200 https://registry.npmjs.org/npm 300ms
21 http fetch GET 200 https://registry.npmjs.org/cross-env 114ms (cache miss)
22 silly packumentCache full:https://registry.npmjs.org/cross-env set size:undefined disposed:false
23 silly fetch manifest typescript@^5.3.3
24 silly packumentCache full:https://registry.npmjs.org/typescript cache-miss
25 http fetch GET 200 https://registry.npmjs.org/typescript 392ms (cache miss)
26 silly packumentCache full:https://registry.npmjs.org/typescript set size:undefined disposed:false
27 silly placeDep ROOT @habitat/shared@1.0.0 OK for: openclaw-habitat@1.0.0 want: file:/Users/marcotiongson/Documents/openclaw-habitat/openclaw-habitat/packages/shared
28 silly placeDep ROOT concurrently@8.2.2 OK for: openclaw-habitat@1.0.0 want: ^8.2.2
29 silly placeDep ROOT cross-env@7.0.3 OK for: openclaw-habitat@1.0.0 want: ^7.0.3
30 silly placeDep ROOT typescript@5.9.3 OK for: openclaw-habitat@1.0.0 want: ^5.3.3
31 silly fetch manifest rxjs@^7.8.1
32 silly packumentCache full:https://registry.npmjs.org/rxjs cache-miss
33 silly fetch manifest chalk@^4.1.2
34 silly packumentCache full:https://registry.npmjs.org/chalk cache-miss
35 silly fetch manifest yargs@^17.7.2
36 silly packumentCache full:https://registry.npmjs.org/yargs cache-miss
37 silly fetch manifest lodash@^4.17.21
38 silly packumentCache full:https://registry.npmjs.org/lodash cache-miss
39 silly fetch manifest date-fns@^2.30.0
40 silly packumentCache full:https://registry.npmjs.org/date-fns cache-miss
41 silly fetch manifest tree-kill@^1.2.2
42 silly packumentCache full:https://registry.npmjs.org/tree-kill cache-miss
43 silly fetch manifest shell-quote@^1.8.1
44 silly packumentCache full:https://registry.npmjs.org/shell-quote cache-miss
45 http fetch GET 200 https://registry.npmjs.org/chalk 82ms (cache miss)
46 silly packumentCache full:https://registry.npmjs.org/chalk set size:undefined disposed:false
47 silly fetch manifest spawn-command@0.0.2
48 silly packumentCache full:https://registry.npmjs.org/spawn-command cache-miss
49 http fetch GET 200 https://registry.npmjs.org/spawn-command 66ms (cache miss)
50 silly packumentCache full:https://registry.npmjs.org/spawn-command set size:undefined disposed:false
51 silly fetch manifest supports-color@^8.1.1
52 silly packumentCache full:https://registry.npmjs.org/supports-color cache-miss
53 http fetch GET 200 https://registry.npmjs.org/rxjs 174ms (cache miss)
54 silly packumentCache full:https://registry.npmjs.org/rxjs set size:undefined disposed:false
55 silly fetch manifest cross-spawn@^7.0.1
56 silly packumentCache full:https://registry.npmjs.org/cross-spawn cache-miss
57 http fetch GET 200 https://registry.npmjs.org/shell-quote 189ms (cache miss)
58 silly packumentCache full:https://registry.npmjs.org/shell-quote set size:undefined disposed:false
59 http fetch GET 200 https://registry.npmjs.org/lodash 201ms (cache miss)
60 silly packumentCache full:https://registry.npmjs.org/lodash set size:undefined disposed:false
61 http fetch GET 200 https://registry.npmjs.org/tree-kill 232ms (cache miss)
62 silly packumentCache full:https://registry.npmjs.org/tree-kill set size:undefined disposed:false
63 http fetch GET 200 https://registry.npmjs.org/supports-color 83ms (cache miss)
64 silly packumentCache full:https://registry.npmjs.org/supports-color set size:undefined disposed:false
65 http fetch GET 200 https://registry.npmjs.org/yargs 267ms (cache miss)
66 silly packumentCache full:https://registry.npmjs.org/yargs set size:undefined disposed:false
67 http fetch GET 200 https://registry.npmjs.org/cross-spawn 117ms (cache miss)
68 silly packumentCache full:https://registry.npmjs.org/cross-spawn set size:undefined disposed:false
69 http fetch GET 200 https://registry.npmjs.org/date-fns 368ms (cache miss)
70 silly packumentCache full:https://registry.npmjs.org/date-fns set size:undefined disposed:false
71 silly placeDep ROOT chalk@4.1.2 OK for: concurrently@8.2.2 want: ^4.1.2
72 silly placeDep ROOT date-fns@2.30.0 OK for: concurrently@8.2.2 want: ^2.30.0
73 silly placeDep ROOT lodash@4.18.1 OK for: concurrently@8.2.2 want: ^4.17.21
74 silly placeDep ROOT rxjs@7.8.2 OK for: concurrently@8.2.2 want: ^7.8.1
75 silly placeDep ROOT shell-quote@1.8.3 OK for: concurrently@8.2.2 want: ^1.8.1
76 silly placeDep ROOT spawn-command@0.0.2 OK for: concurrently@8.2.2 want: 0.0.2
77 silly placeDep ROOT supports-color@8.1.1 OK for: concurrently@8.2.2 want: ^8.1.1
78 silly placeDep ROOT tree-kill@1.2.2 OK for: concurrently@8.2.2 want: ^1.2.2
79 silly placeDep ROOT yargs@17.7.2 OK for: concurrently@8.2.2 want: ^17.7.2
80 silly fetch manifest ansi-styles@^4.1.0
81 silly packumentCache full:https://registry.npmjs.org/ansi-styles cache-miss
82 silly fetch manifest supports-color@^7.1.0
83 silly packumentCache full:https://registry.npmjs.org/supports-color cache-miss
84 silly fetch manifest @babel/runtime@^7.21.0
85 silly packumentCache full:https://registry.npmjs.org/@babel%2fruntime cache-miss
86 silly fetch manifest tslib@^2.1.0
87 silly packumentCache full:https://registry.npmjs.org/tslib cache-miss
88 silly fetch manifest has-flag@^4.0.0
89 silly packumentCache full:https://registry.npmjs.org/has-flag cache-miss
90 silly fetch manifest y18n@^5.0.5
91 silly packumentCache full:https://registry.npmjs.org/y18n cache-miss
92 silly fetch manifest cliui@^8.0.1
93 silly packumentCache full:https://registry.npmjs.org/cliui cache-miss
94 http cache https://registry.npmjs.org/supports-color 5ms (cache hit)
95 silly packumentCache full:https://registry.npmjs.org/supports-color set size:118680 disposed:false
96 silly fetch manifest escalade@^3.1.1
97 silly packumentCache full:https://registry.npmjs.org/escalade cache-miss
98 http fetch GET 200 https://registry.npmjs.org/ansi-styles 61ms (cache miss)
99 silly packumentCache full:https://registry.npmjs.org/ansi-styles set size:undefined disposed:false
100 silly fetch manifest string-width@^4.2.3
101 silly packumentCache full:https://registry.npmjs.org/string-width cache-miss
102 http fetch GET 200 https://registry.npmjs.org/has-flag 87ms (cache miss)
103 silly packumentCache full:https://registry.npmjs.org/has-flag set size:undefined disposed:false
104 silly fetch manifest yargs-parser@^21.1.1
105 silly packumentCache full:https://registry.npmjs.org/yargs-parser cache-miss
106 http fetch GET 200 https://registry.npmjs.org/escalade 82ms (cache miss)
107 silly packumentCache full:https://registry.npmjs.org/escalade set size:undefined disposed:false
108 silly fetch manifest get-caller-file@^2.0.5
109 silly packumentCache full:https://registry.npmjs.org/get-caller-file cache-miss
110 http fetch GET 200 https://registry.npmjs.org/y18n 89ms (cache miss)
111 silly packumentCache full:https://registry.npmjs.org/y18n set size:undefined disposed:false
112 silly fetch manifest require-directory@^2.1.1
113 silly packumentCache full:https://registry.npmjs.org/require-directory cache-miss
114 http fetch GET 200 https://registry.npmjs.org/cliui 90ms (cache miss)
115 silly packumentCache full:https://registry.npmjs.org/cliui set size:undefined disposed:false
116 http fetch GET 200 https://registry.npmjs.org/tslib 92ms (cache miss)
117 silly packumentCache full:https://registry.npmjs.org/tslib set size:undefined disposed:false
118 http fetch GET 200 https://registry.npmjs.org/string-width 60ms (cache miss)
119 silly packumentCache full:https://registry.npmjs.org/string-width set size:undefined disposed:false
120 http fetch GET 200 https://registry.npmjs.org/@babel%2fruntime 148ms (cache miss)
121 silly packumentCache full:https://registry.npmjs.org/@babel%2fruntime set size:undefined disposed:false
122 http fetch GET 200 https://registry.npmjs.org/require-directory 74ms (cache miss)
123 silly packumentCache full:https://registry.npmjs.org/require-directory set size:undefined disposed:false
124 http fetch GET 200 https://registry.npmjs.org/get-caller-file 75ms (cache miss)
125 silly packumentCache full:https://registry.npmjs.org/get-caller-file set size:undefined disposed:false
126 http fetch GET 200 https://registry.npmjs.org/yargs-parser 77ms (cache miss)
127 silly packumentCache full:https://registry.npmjs.org/yargs-parser set size:undefined disposed:false
128 silly placeDep ROOT ansi-styles@4.3.0 OK for: chalk@4.1.2 want: ^4.1.0
129 silly placeDep node_modules/chalk supports-color@7.2.0 OK for: chalk@4.1.2 want: ^7.1.0
130 silly fetch manifest color-convert@^2.0.1
131 silly packumentCache full:https://registry.npmjs.org/color-convert cache-miss
132 http fetch GET 200 https://registry.npmjs.org/color-convert 77ms (cache miss)
133 silly packumentCache full:https://registry.npmjs.org/color-convert set size:undefined disposed:false
134 silly placeDep ROOT color-convert@2.0.1 OK for: ansi-styles@4.3.0 want: ^2.0.1
135 silly fetch manifest color-name@~1.1.4
136 silly packumentCache full:https://registry.npmjs.org/color-name cache-miss
137 http fetch GET 200 https://registry.npmjs.org/color-name 78ms (cache miss)
138 silly packumentCache full:https://registry.npmjs.org/color-name set size:undefined disposed:false
139 silly placeDep ROOT color-name@1.1.4 OK for: color-convert@2.0.1 want: ~1.1.4
140 silly placeDep ROOT cross-spawn@7.0.6 OK for: cross-env@7.0.3 want: ^7.0.1
141 silly fetch manifest which@^2.0.1
142 silly packumentCache full:https://registry.npmjs.org/which cache-miss
143 silly fetch manifest path-key@^3.1.0
144 silly packumentCache full:https://registry.npmjs.org/path-key cache-miss
145 silly fetch manifest shebang-command@^2.0.0
146 silly packumentCache full:https://registry.npmjs.org/shebang-command cache-miss
147 http fetch GET 200 https://registry.npmjs.org/which 66ms (cache miss)
148 silly packumentCache full:https://registry.npmjs.org/which set size:undefined disposed:false
149 http fetch GET 200 https://registry.npmjs.org/path-key 70ms (cache miss)
150 silly packumentCache full:https://registry.npmjs.org/path-key set size:undefined disposed:false
151 http fetch GET 200 https://registry.npmjs.org/shebang-command 77ms (cache miss)
152 silly packumentCache full:https://registry.npmjs.org/shebang-command set size:undefined disposed:false
153 silly placeDep ROOT path-key@3.1.1 OK for: cross-spawn@7.0.6 want: ^3.1.0
154 silly placeDep ROOT shebang-command@2.0.0 OK for: cross-spawn@7.0.6 want: ^2.0.0
155 silly placeDep ROOT which@2.0.2 OK for: cross-spawn@7.0.6 want: ^2.0.1
156 silly fetch manifest shebang-regex@^3.0.0
157 silly packumentCache full:https://registry.npmjs.org/shebang-regex cache-miss
158 silly fetch manifest isexe@^2.0.0
159 silly packumentCache full:https://registry.npmjs.org/isexe cache-miss
160 http fetch GET 200 https://registry.npmjs.org/isexe 70ms (cache miss)
161 silly packumentCache full:https://registry.npmjs.org/isexe set size:undefined disposed:false
162 http fetch GET 200 https://registry.npmjs.org/shebang-regex 71ms (cache miss)
163 silly packumentCache full:https://registry.npmjs.org/shebang-regex set size:undefined disposed:false
164 silly placeDep ROOT @babel/runtime@7.29.2 OK for: date-fns@2.30.0 want: ^7.21.0
165 silly placeDep ROOT tslib@2.8.1 OK for: rxjs@7.8.2 want: ^2.1.0
166 silly placeDep ROOT shebang-regex@3.0.0 OK for: shebang-command@2.0.0 want: ^3.0.0
167 silly placeDep ROOT has-flag@4.0.0 OK for: supports-color@8.1.1 want: ^4.0.0
168 silly placeDep ROOT isexe@2.0.0 OK for: which@2.0.2 want: ^2.0.0
169 silly placeDep ROOT cliui@8.0.1 OK for: yargs@17.7.2 want: ^8.0.1
170 silly placeDep ROOT escalade@3.2.0 OK for: yargs@17.7.2 want: ^3.1.1
171 silly placeDep ROOT get-caller-file@2.0.5 OK for: yargs@17.7.2 want: ^2.0.5
172 silly placeDep ROOT require-directory@2.1.1 OK for: yargs@17.7.2 want: ^2.1.1
173 silly placeDep ROOT string-width@4.2.3 OK for: yargs@17.7.2 want: ^4.2.3
174 silly placeDep ROOT y18n@5.0.8 OK for: yargs@17.7.2 want: ^5.0.5
175 silly placeDep ROOT yargs-parser@21.1.1 OK for: yargs@17.7.2 want: ^21.1.1
176 silly fetch manifest wrap-ansi@^7.0.0
177 silly packumentCache full:https://registry.npmjs.org/wrap-ansi cache-miss
178 silly fetch manifest strip-ansi@^6.0.1
179 silly packumentCache full:https://registry.npmjs.org/strip-ansi cache-miss
180 silly fetch manifest string-width@^4.2.0
181 silly packumentCache full:https://registry.npmjs.org/string-width cache-miss
182 silly fetch manifest strip-ansi@^6.0.1
183 silly packumentCache full:https://registry.npmjs.org/strip-ansi cache-miss
184 silly fetch manifest emoji-regex@^8.0.0
185 silly packumentCache full:https://registry.npmjs.org/emoji-regex cache-miss
186 silly fetch manifest is-fullwidth-code-point@^3.0.0
187 silly packumentCache full:https://registry.npmjs.org/is-fullwidth-code-point cache-miss
188 http cache https://registry.npmjs.org/string-width 3ms (cache hit)
189 silly packumentCache full:https://registry.npmjs.org/string-width set size:68305 disposed:false
190 http fetch GET 200 https://registry.npmjs.org/strip-ansi 63ms (cache miss)
191 silly packumentCache full:https://registry.npmjs.org/strip-ansi set size:undefined disposed:false
192 http fetch GET 200 https://registry.npmjs.org/is-fullwidth-code-point 66ms (cache miss)
193 silly packumentCache full:https://registry.npmjs.org/is-fullwidth-code-point set size:undefined disposed:false
194 http fetch GET 200 https://registry.npmjs.org/emoji-regex 75ms (cache miss)
195 silly packumentCache full:https://registry.npmjs.org/emoji-regex set size:undefined disposed:false
196 http fetch GET 200 https://registry.npmjs.org/strip-ansi 82ms (cache miss)
197 silly packumentCache full:https://registry.npmjs.org/strip-ansi set size:undefined disposed:false
198 http fetch GET 200 https://registry.npmjs.org/wrap-ansi 82ms (cache miss)
199 silly packumentCache full:https://registry.npmjs.org/wrap-ansi set size:undefined disposed:false
200 silly placeDep ROOT strip-ansi@6.0.1 OK for: cliui@8.0.1 want: ^6.0.1
201 silly placeDep ROOT wrap-ansi@7.0.0 OK for: cliui@8.0.1 want: ^7.0.0
202 silly fetch manifest ansi-regex@^5.0.1
203 silly packumentCache full:https://registry.npmjs.org/ansi-regex cache-miss
204 http fetch GET 200 https://registry.npmjs.org/ansi-regex 70ms (cache miss)
205 silly packumentCache full:https://registry.npmjs.org/ansi-regex set size:undefined disposed:false
206 silly placeDep ROOT emoji-regex@8.0.0 OK for: string-width@4.2.3 want: ^8.0.0
207 silly placeDep ROOT is-fullwidth-code-point@3.0.0 OK for: string-width@4.2.3 want: ^3.0.0
208 silly placeDep ROOT ansi-regex@5.0.1 OK for: strip-ansi@6.0.1 want: ^5.0.1
209 silly fetch manifest zod@^3.22.4
210 silly packumentCache full:https://registry.npmjs.org/zod cache-miss
211 http fetch GET 200 https://registry.npmjs.org/zod 159ms (cache miss)
212 silly packumentCache full:https://registry.npmjs.org/zod set size:undefined disposed:false
213 silly placeDep ROOT zod@3.25.76 OK for: @habitat/shared@1.0.0 want: ^3.22.4
214 silly reify moves {}
215 silly audit bulk request {
215 silly audit   concurrently: [ '8.2.2' ],
215 silly audit   'cross-env': [ '7.0.3' ],
215 silly audit   typescript: [ '5.9.3' ],
215 silly audit   chalk: [ '4.1.2' ],
215 silly audit   'date-fns': [ '2.30.0' ],
215 silly audit   lodash: [ '4.18.1' ],
215 silly audit   rxjs: [ '7.8.2' ],
215 silly audit   'shell-quote': [ '1.8.3' ],
215 silly audit   'spawn-command': [ '0.0.2' ],
215 silly audit   'supports-color': [ '8.1.1', '7.2.0' ],
215 silly audit   'tree-kill': [ '1.2.2' ],
215 silly audit   yargs: [ '17.7.2' ],
215 silly audit   'ansi-styles': [ '4.3.0' ],
215 silly audit   'color-convert': [ '2.0.1' ],
215 silly audit   'color-name': [ '1.1.4' ],
215 silly audit   'cross-spawn': [ '7.0.6' ],
215 silly audit   'path-key': [ '3.1.1' ],
215 silly audit   'shebang-command': [ '2.0.0' ],
215 silly audit   which: [ '2.0.2' ],
215 silly audit   '@babel/runtime': [ '7.29.2' ],
215 silly audit   tslib: [ '2.8.1' ],
215 silly audit   'shebang-regex': [ '3.0.0' ],
215 silly audit   'has-flag': [ '4.0.0' ],
215 silly audit   isexe: [ '2.0.0' ],
215 silly audit   cliui: [ '8.0.1' ],
215 silly audit   escalade: [ '3.2.0' ],
215 silly audit   'get-caller-file': [ '2.0.5' ],
215 silly audit   'require-directory': [ '2.1.1' ],
215 silly audit   'string-width': [ '4.2.3' ],
215 silly audit   y18n: [ '5.0.8' ],
215 silly audit   'yargs-parser': [ '21.1.1' ],
215 silly audit   'strip-ansi': [ '6.0.1' ],
215 silly audit   'wrap-ansi': [ '7.0.0' ],
215 silly audit   'emoji-regex': [ '8.0.0' ],
215 silly audit   'is-fullwidth-code-point': [ '3.0.0' ],
215 silly audit   'ansi-regex': [ '5.0.1' ],
215 silly audit   zod: [ '3.25.76' ]
215 silly audit }
216 http cache ansi-regex@https://registry.npmjs.org/ansi-regex/-/ansi-regex-5.0.1.tgz 0ms (cache hit)
217 http cache zod@https://registry.npmjs.org/zod/-/zod-3.25.76.tgz 0ms (cache hit)
218 http cache emoji-regex@https://registry.npmjs.org/emoji-regex/-/emoji-regex-8.0.0.tgz 0ms (cache hit)
219 http cache is-fullwidth-code-point@https://registry.npmjs.org/is-fullwidth-code-point/-/is-fullwidth-code-point-3.0.0.tgz 0ms (cache hit)
220 http cache wrap-ansi@https://registry.npmjs.org/wrap-ansi/-/wrap-ansi-7.0.0.tgz 0ms (cache hit)
221 http cache yargs-parser@https://registry.npmjs.org/yargs-parser/-/yargs-parser-21.1.1.tgz 0ms (cache hit)
222 http cache strip-ansi@https://registry.npmjs.org/strip-ansi/-/strip-ansi-6.0.1.tgz 0ms (cache hit)
223 http cache y18n@https://registry.npmjs.org/y18n/-/y18n-5.0.8.tgz 0ms (cache hit)
224 http cache string-width@https://registry.npmjs.org/string-width/-/string-width-4.2.3.tgz 0ms (cache hit)
225 http cache require-directory@https://registry.npmjs.org/require-directory/-/require-directory-2.1.1.tgz 0ms (cache hit)
226 http cache get-caller-file@https://registry.npmjs.org/get-caller-file/-/get-caller-file-2.0.5.tgz 1ms (cache hit)
227 http cache escalade@https://registry.npmjs.org/escalade/-/escalade-3.2.0.tgz 0ms (cache hit)
228 http cache cliui@https://registry.npmjs.org/cliui/-/cliui-8.0.1.tgz 0ms (cache hit)
229 http cache isexe@https://registry.npmjs.org/isexe/-/isexe-2.0.0.tgz 0ms (cache hit)
230 http cache has-flag@https://registry.npmjs.org/has-flag/-/has-flag-4.0.0.tgz 0ms (cache hit)
231 http cache shebang-regex@https://registry.npmjs.org/shebang-regex/-/shebang-regex-3.0.0.tgz 0ms (cache hit)
232 http cache tslib@https://registry.npmjs.org/tslib/-/tslib-2.8.1.tgz 0ms (cache hit)
233 http cache @babel/runtime@https://registry.npmjs.org/@babel/runtime/-/runtime-7.29.2.tgz 0ms (cache hit)
234 http cache which@https://registry.npmjs.org/which/-/which-2.0.2.tgz 0ms (cache hit)
235 http cache path-key@https://registry.npmjs.org/path-key/-/path-key-3.1.1.tgz 0ms (cache hit)
236 http cache shebang-command@https://registry.npmjs.org/shebang-command/-/shebang-command-2.0.0.tgz 0ms (cache hit)
237 http cache cross-spawn@https://registry.npmjs.org/cross-spawn/-/cross-spawn-7.0.6.tgz 0ms (cache hit)
238 http cache color-name@https://registry.npmjs.org/color-name/-/color-name-1.1.4.tgz 0ms (cache hit)
239 http cache color-convert@https://registry.npmjs.org/color-convert/-/color-convert-2.0.1.tgz 0ms (cache hit)
240 http cache ansi-styles@https://registry.npmjs.org/ansi-styles/-/ansi-styles-4.3.0.tgz 0ms (cache hit)
241 http cache yargs@https://registry.npmjs.org/yargs/-/yargs-17.7.2.tgz 0ms (cache hit)
242 http cache tree-kill@https://registry.npmjs.org/tree-kill/-/tree-kill-1.2.2.tgz 0ms (cache hit)
243 http cache supports-color@https://registry.npmjs.org/supports-color/-/supports-color-8.1.1.tgz 0ms (cache hit)
244 http cache spawn-command@https://registry.npmjs.org/spawn-command/-/spawn-command-0.0.2.tgz 0ms (cache hit)
245 http cache shell-quote@https://registry.npmjs.org/shell-quote/-/shell-quote-1.8.3.tgz 0ms (cache hit)
246 http cache rxjs@https://registry.npmjs.org/rxjs/-/rxjs-7.8.2.tgz 0ms (cache hit)
247 http cache lodash@https://registry.npmjs.org/lodash/-/lodash-4.18.1.tgz 0ms (cache hit)
248 http cache date-fns@https://registry.npmjs.org/date-fns/-/date-fns-2.30.0.tgz 0ms (cache hit)
249 http cache cross-env@https://registry.npmjs.org/cross-env/-/cross-env-7.0.3.tgz 0ms (cache hit)
250 http cache chalk@https://registry.npmjs.org/chalk/-/chalk-4.1.2.tgz 0ms (cache hit)
251 http cache concurrently@https://registry.npmjs.org/concurrently/-/concurrently-8.2.2.tgz 0ms (cache hit)
252 http cache supports-color@https://registry.npmjs.org/supports-color/-/supports-color-7.2.0.tgz 0ms (cache hit)
253 http cache typescript@https://registry.npmjs.org/typescript/-/typescript-5.9.3.tgz 0ms (cache hit)
254 silly tarball no local data for ansi-regex@https://registry.npmjs.org/ansi-regex/-/ansi-regex-5.0.1.tgz. Extracting by manifest.
255 silly tarball no local data for zod@https://registry.npmjs.org/zod/-/zod-3.25.76.tgz. Extracting by manifest.
256 silly tarball no local data for emoji-regex@https://registry.npmjs.org/emoji-regex/-/emoji-regex-8.0.0.tgz. Extracting by manifest.
257 silly tarball no local data for is-fullwidth-code-point@https://registry.npmjs.org/is-fullwidth-code-point/-/is-fullwidth-code-point-3.0.0.tgz. Extracting by manifest.
258 silly tarball no local data for wrap-ansi@https://registry.npmjs.org/wrap-ansi/-/wrap-ansi-7.0.0.tgz. Extracting by manifest.
259 silly tarball no local data for yargs-parser@https://registry.npmjs.org/yargs-parser/-/yargs-parser-21.1.1.tgz. Extracting by manifest.
260 silly tarball no local data for strip-ansi@https://registry.npmjs.org/strip-ansi/-/strip-ansi-6.0.1.tgz. Extracting by manifest.
261 silly tarball no local data for y18n@https://registry.npmjs.org/y18n/-/y18n-5.0.8.tgz. Extracting by manifest.
262 silly tarball no local data for string-width@https://registry.npmjs.org/string-width/-/string-width-4.2.3.tgz. Extracting by manifest.
263 silly tarball no local data for require-directory@https://registry.npmjs.org/require-directory/-/require-directory-2.1.1.tgz. Extracting by manifest.
264 silly tarball no local data for get-caller-file@https://registry.npmjs.org/get-caller-file/-/get-caller-file-2.0.5.tgz. Extracting by manifest.
265 silly tarball no local data for escalade@https://registry.npmjs.org/escalade/-/escalade-3.2.0.tgz. Extracting by manifest.
266 silly tarball no local data for cliui@https://registry.npmjs.org/cliui/-/cliui-8.0.1.tgz. Extracting by manifest.
267 silly tarball no local data for isexe@https://registry.npmjs.org/isexe/-/isexe-2.0.0.tgz. Extracting by manifest.
268 silly tarball no local data for has-flag@https://registry.npmjs.org/has-flag/-/has-flag-4.0.0.tgz. Extracting by manifest.
269 silly tarball no local data for shebang-regex@https://registry.npmjs.org/shebang-regex/-/shebang-regex-3.0.0.tgz. Extracting by manifest.
270 silly tarball no local data for tslib@https://registry.npmjs.org/tslib/-/tslib-2.8.1.tgz. Extracting by manifest.
271 silly tarball no local data for @babel/runtime@https://registry.npmjs.org/@babel/runtime/-/runtime-7.29.2.tgz. Extracting by manifest.
272 silly tarball no local data for which@https://registry.npmjs.org/which/-/which-2.0.2.tgz. Extracting by manifest.
273 silly tarball no local data for path-key@https://registry.npmjs.org/path-key/-/path-key-3.1.1.tgz. Extracting by manifest.
274 silly tarball no local data for shebang-command@https://registry.npmjs.org/shebang-command/-/shebang-command-2.0.0.tgz. Extracting by manifest.
275 silly tarball no local data for cross-spawn@https://registry.npmjs.org/cross-spawn/-/cross-spawn-7.0.6.tgz. Extracting by manifest.
276 silly tarball no local data for color-name@https://registry.npmjs.org/color-name/-/color-name-1.1.4.tgz. Extracting by manifest.
277 silly tarball no local data for color-convert@https://registry.npmjs.org/color-convert/-/color-convert-2.0.1.tgz. Extracting by manifest.
278 silly tarball no local data for ansi-styles@https://registry.npmjs.org/ansi-styles/-/ansi-styles-4.3.0.tgz. Extracting by manifest.
279 silly tarball no local data for yargs@https://registry.npmjs.org/yargs/-/yargs-17.7.2.tgz. Extracting by manifest.
280 silly tarball no local data for tree-kill@https://registry.npmjs.org/tree-kill/-/tree-kill-1.2.2.tgz. Extracting by manifest.
281 silly tarball no local data for supports-color@https://registry.npmjs.org/supports-color/-/supports-color-8.1.1.tgz. Extracting by manifest.
282 silly tarball no local data for spawn-command@https://registry.npmjs.org/spawn-command/-/spawn-command-0.0.2.tgz. Extracting by manifest.
283 silly tarball no local data for shell-quote@https://registry.npmjs.org/shell-quote/-/shell-quote-1.8.3.tgz. Extracting by manifest.
284 silly tarball no local data for rxjs@https://registry.npmjs.org/rxjs/-/rxjs-7.8.2.tgz. Extracting by manifest.
285 silly tarball no local data for lodash@https://registry.npmjs.org/lodash/-/lodash-4.18.1.tgz. Extracting by manifest.
286 silly tarball no local data for date-fns@https://registry.npmjs.org/date-fns/-/date-fns-2.30.0.tgz. Extracting by manifest.
287 silly tarball no local data for cross-env@https://registry.npmjs.org/cross-env/-/cross-env-7.0.3.tgz. Extracting by manifest.
288 silly tarball no local data for chalk@https://registry.npmjs.org/chalk/-/chalk-4.1.2.tgz. Extracting by manifest.
289 silly tarball no local data for concurrently@https://registry.npmjs.org/concurrently/-/concurrently-8.2.2.tgz. Extracting by manifest.
290 silly tarball no local data for supports-color@https://registry.npmjs.org/supports-color/-/supports-color-7.2.0.tgz. Extracting by manifest.
291 silly tarball no local data for typescript@https://registry.npmjs.org/typescript/-/typescript-5.9.3.tgz. Extracting by manifest.
292 http fetch GET 200 https://registry.npmjs.org/is-fullwidth-code-point/-/is-fullwidth-code-point-3.0.0.tgz 81ms (cache miss)
293 http fetch GET 200 https://registry.npmjs.org/emoji-regex/-/emoji-regex-8.0.0.tgz 85ms (cache miss)
294 http fetch GET 200 https://registry.npmjs.org/wrap-ansi/-/wrap-ansi-7.0.0.tgz 85ms (cache miss)
295 http fetch GET 200 https://registry.npmjs.org/ansi-regex/-/ansi-regex-5.0.1.tgz 86ms (cache miss)
296 http fetch GET 200 https://registry.npmjs.org/yargs-parser/-/yargs-parser-21.1.1.tgz 86ms (cache miss)
297 http fetch GET 200 https://registry.npmjs.org/shebang-regex/-/shebang-regex-3.0.0.tgz 143ms (cache miss)
298 http fetch GET 200 https://registry.npmjs.org/which/-/which-2.0.2.tgz 154ms (cache miss)
299 http fetch GET 200 https://registry.npmjs.org/has-flag/-/has-flag-4.0.0.tgz 155ms (cache miss)
300 http fetch GET 200 https://registry.npmjs.org/tslib/-/tslib-2.8.1.tgz 162ms (cache miss)
301 http fetch POST 200 https://registry.npmjs.org/-/npm/v1/security/advisories/bulk 203ms
302 silly audit report {}
303 http fetch GET 200 https://registry.npmjs.org/@babel/runtime/-/runtime-7.29.2.tgz 197ms (cache miss)
304 http fetch GET 200 https://registry.npmjs.org/get-caller-file/-/get-caller-file-2.0.5.tgz 210ms (cache miss)
305 http fetch GET 200 https://registry.npmjs.org/path-key/-/path-key-3.1.1.tgz 210ms (cache miss)
306 http fetch GET 200 https://registry.npmjs.org/isexe/-/isexe-2.0.0.tgz 211ms (cache miss)
307 http fetch GET 200 https://registry.npmjs.org/shebang-command/-/shebang-command-2.0.0.tgz 219ms (cache miss)
308 http fetch GET 200 https://registry.npmjs.org/strip-ansi/-/strip-ansi-6.0.1.tgz 221ms (cache miss)
309 http fetch GET 200 https://registry.npmjs.org/ansi-styles/-/ansi-styles-4.3.0.tgz 223ms (cache miss)
310 http fetch GET 200 https://registry.npmjs.org/color-name/-/color-name-1.1.4.tgz 231ms (cache miss)
311 http fetch GET 200 https://registry.npmjs.org/cross-spawn/-/cross-spawn-7.0.6.tgz 231ms (cache miss)
312 http fetch GET 200 https://registry.npmjs.org/cliui/-/cliui-8.0.1.tgz 238ms (cache miss)
313 http fetch GET 200 https://registry.npmjs.org/color-convert/-/color-convert-2.0.1.tgz 237ms (cache miss)
314 http fetch GET 200 https://registry.npmjs.org/string-width/-/string-width-4.2.3.tgz 241ms (cache miss)
315 http fetch GET 200 https://registry.npmjs.org/y18n/-/y18n-5.0.8.tgz 242ms (cache miss)
316 http fetch GET 200 https://registry.npmjs.org/require-directory/-/require-directory-2.1.1.tgz 248ms (cache miss)
317 http fetch GET 200 https://registry.npmjs.org/zod/-/zod-3.25.76.tgz 250ms (cache miss)
318 http fetch GET 200 https://registry.npmjs.org/escalade/-/escalade-3.2.0.tgz 253ms (cache miss)
319 http fetch GET 200 https://registry.npmjs.org/yargs/-/yargs-17.7.2.tgz 259ms (cache miss)
320 http fetch GET 200 https://registry.npmjs.org/spawn-command/-/spawn-command-0.0.2.tgz 286ms (cache miss)
321 http fetch GET 200 https://registry.npmjs.org/tree-kill/-/tree-kill-1.2.2.tgz 287ms (cache miss)
322 http fetch GET 200 https://registry.npmjs.org/supports-color/-/supports-color-8.1.1.tgz 287ms (cache miss)
323 http fetch GET 200 https://registry.npmjs.org/shell-quote/-/shell-quote-1.8.3.tgz 288ms (cache miss)
324 http fetch GET 200 https://registry.npmjs.org/cross-env/-/cross-env-7.0.3.tgz 306ms (cache miss)
325 http fetch GET 200 https://registry.npmjs.org/chalk/-/chalk-4.1.2.tgz 310ms (cache miss)
326 http fetch GET 200 https://registry.npmjs.org/supports-color/-/supports-color-7.2.0.tgz 312ms (cache miss)
327 http fetch GET 200 https://registry.npmjs.org/concurrently/-/concurrently-8.2.2.tgz 377ms (cache miss)
328 http fetch GET 200 https://registry.npmjs.org/lodash/-/lodash-4.18.1.tgz 462ms (cache miss)
329 http fetch GET 200 https://registry.npmjs.org/typescript/-/typescript-5.9.3.tgz 686ms (cache miss)
330 http fetch GET 200 https://registry.npmjs.org/rxjs/-/rxjs-7.8.2.tgz 1304ms (cache miss)
331 http fetch GET 200 https://registry.npmjs.org/date-fns/-/date-fns-2.30.0.tgz 1727ms (cache miss)
332 silly ADD node_modules/zod
333 silly ADD node_modules/ansi-regex
334 silly ADD node_modules/is-fullwidth-code-point
335 silly ADD node_modules/emoji-regex
336 silly ADD node_modules/wrap-ansi
337 silly ADD node_modules/strip-ansi
338 silly ADD node_modules/yargs-parser
339 silly ADD node_modules/y18n
340 silly ADD node_modules/string-width
341 silly ADD node_modules/require-directory
342 silly ADD node_modules/get-caller-file
343 silly ADD node_modules/escalade
344 silly ADD node_modules/cliui
345 silly ADD node_modules/isexe
346 silly ADD node_modules/has-flag
347 silly ADD node_modules/shebang-regex
348 silly ADD node_modules/tslib
349 silly ADD node_modules/@babel/runtime
350 silly ADD node_modules/which
351 silly ADD node_modules/shebang-command
352 silly ADD node_modules/path-key
353 silly ADD node_modules/cross-spawn
354 silly ADD node_modules/color-name
355 silly ADD node_modules/color-convert
356 silly ADD node_modules/ansi-styles
357 silly ADD node_modules/yargs
358 silly ADD node_modules/tree-kill
359 silly ADD node_modules/supports-color
360 silly ADD node_modules/spawn-command
361 silly ADD node_modules/shell-quote
362 silly ADD node_modules/rxjs
363 silly ADD node_modules/lodash
364 silly ADD node_modules/date-fns
365 silly ADD node_modules/chalk
366 silly ADD node_modules/chalk/node_modules/supports-color
367 silly ADD node_modules/typescript
368 silly ADD node_modules/cross-env
369 silly ADD node_modules/concurrently
370 silly ADD node_modules/@habitat/shared
371 verbose cwd /Users/marcotiongson/Documents/openclaw-habitat/openclaw-habitat
372 verbose os Darwin 25.4.0
373 verbose node v25.8.2
374 verbose npm  v11.11.1
375 notice
375 notice New [33mminor[39m version of npm available! [33m11.11.1[39m -> [34m11.12.1[39m
375 notice Changelog: [34mhttps://github.com/npm/cli/releases/tag/v11.12.1[39m
375 notice To update run: [4mnpm install -g npm@11.12.1[24m
375 notice  { force: true, Symbol(proc-log.meta): true }
376 verbose exit 0
377 info ok
